  KEEP: WEB ERA TECHNOLOGY PRIVATE LIMITED -> http://www.weberatech.com
  KEEP: SYNTIZEN TECHNOLOGIES PRIVATE LIMITED -> https://m2pfintech.com
  KEEP: DZPAY PRIVATE LIMITED -> https://www.dzpay.org
  KEEP: TVISHA SYSTEMS PRIVATE LIMITED -> https://www.tvisha.com
page 0: seen=9 kept=4 skipped=5
  KEEP: Monks & Bots -> http://heybbetter.com
  KEEP: STAG INNOVATIONS PRIVATE LIMITED -> http://www.staginvs.com
  KEEP: UNOCAREER SERVICES PRIVATE LIMITED -> https://www.unocareer.com
  KEEP: HATCHINGAPPS IT SOLUTIONS PRIVATE LIMITED -> http://www.hatchingapps.com
page 1: seen=18 kept=8 skipped=10
  KEEP: GEOSILICON TECHNOLOGIES (OPC) PRIVATE LIMITED -> http://www.geo-silicon.com
  KEEP: TechnoHouse IT Solutions -> http://technohouseit.com
page 2: seen=27 kept=10 skipped=17
  KEEP: NEEMII TECHNOLOGY PRIVATE LIMITED -> https://www.neemiit.com
  KEEP: HEALTHSIGNZ TECHNOLOGIES PRIVATE LIMITED -> http://www.healthsignz.com
  KEEP: SIND TECHNOLOGIES PRIVATE LIMITED -> https://www.sindtech.in
  KEEP: MONTAIGNE SMART BUSINESS SOLUTIONS PRIVATE LIMITED -> https://www.montaigne.co
page 3: seen=36 kept=14 skipped=22
  KEEP: ZYPE DIGITAL PRIVATE LIMITED -> https://zypedigital.com
page 4: seen=45 kept=15 skipped=30
  KEEP: BHARAT SEVA CENTRE LLP -> http://www.bharatseva.org
  KEEP: GREENLANTERN IT SOLUTIONS PRIVATE LIMITED (OPC) -> https://greenlanternit.com
  KEEP: FINDLOGICS SOFTWARE SOLUTIONS PRIVATE LIMITED -> http://www.findlogics.in
  KEEP: ASPIREAL TECHNOLOGIES PRIVATE LIMITED -> https://aspireal.com
page 5: seen=54 kept=19 skipped=35
  KEEP: SHRESHTA INFO GLOBAL SERVICES PRIVATE LIMITED -> http://shreshtainfotech.com
  KEEP: Crux IT Consulting Services -> http://www.cruxservices.co.in
page 6: seen=63 kept=21 skipped=42
  KEEP: COX QUALITY TECHNOLOGY SOLUTIONS PRIVATE LIMITED -> https://www.qualitythought.in
page 7: seen=72 kept=22 skipped=50
  KEEP: INKPROG TECHNOLOGIES PRIVATE LIMITED -> https://inkprog.com
  KEEP: GATADI TECHNOLOGIES PRIVATE LIMITED -> https://www.gataditech.com
page 8: seen=81 kept=24 skipped=57
  KEEP: Antariksh Technology Ventures (OPC) Pvt Ltd -> https://antariksh.co
  KEEP: WebileApps Technology Services -> http://www.teamwa.com
  KEEP: EZTax.in -> https://eztax.in
page 9: seen=90 kept=27 skipped=63
  KEEP: ENORMOUS IT SERVICES PRIVATE LIMITED -> http://www.enormousit.com
  KEEP: My Apps Development -> http://www.myappsdevelopment.com
  KEEP: APPOIDS TECH SOLUTIONS PRIVATE LIMITED -> http://appoids.in
  KEEP: P&S INFOSOFT TECHNOLOGIES LLP -> http://www.rootsinfosoft.com
  KEEP: Coral Innovations -> https://bharatsmartservices.com
  KEEP: DiLytics technologies Private Limited -> https://dilytics.com
page 10: seen=99 kept=33 skipped=66
  KEEP: Surya Technology Solutions LLP -> http://www.suryatechsolutions.in
  KEEP: Srinivas -> http://www.gsvca.com
  KEEP: VASISTA ENTERPRISE SOLUTIONS PVT LTD -> http://www.vasista.in
page 11: seen=108 kept=36 skipped=72
  KEEP: O2LABS SOLUTIONS PRIVATE LIMITED -> https://o2labs.com
  KEEP: Silicon Business Solutions Pvt Ltd -> https://siliconops.ai
  KEEP: Software development -> http://www.mtouchlabs.com
page 12: seen=117 kept=39 skipped=78
page 13: seen=126 kept=39 skipped=87
  KEEP: NEXTGEN MULTITOUCH PRIVATE LIMITED -> http://www.nextgenmultitouch.com
  KEEP: ARTERAS ENGINEERING SERVICES PRIVATE LIMITED -> https://arteras-inc.com
  KEEP: ARUN GROUP -> https://www.arunindustrialindia.com
page 14: seen=135 kept=42 skipped=93
  KEEP: GAZO DOCUMENT SOLUTIONS PRIVATE LIMITED -> http://gazoindia.com
  KEEP: KLEE TECHNOLOGIES PRIVATE LIMITED -> https://kleetechnologies.com
  KEEP: U I Solutions -> https://www.usmsystems.com
page 15: seen=144 kept=45 skipped=99
  KEEP: MAXBRIGHT IT SOLUTIONS -> http://www.maxbrightit.com
  KEEP: RITE DESK SYSTEMS -> http://nadsan.com
page 16: seen=153 kept=47 skipped=106
  KEEP: ILENSYS TECHNOLOGIES PRIVATE LIMITED -> https://www.ilensys.com
  KEEP: UCS -> https://ucsinfotech.com
  KEEP: TEKVANTIS CLOUD SOLUTIONS PRIVATE LIMITED -> https://www.tekvantis.com
page 17: seen=162 kept=50 skipped=112
  KEEP: SyngyMAXIM Solutions Pvt Ltd -> http://www.syngymaxim.com
  KEEP: SVS TECHAPPS -> https://vrinda.io
  KEEP: Arbeit Consultancy Services -> http://arbeitconsultancy.com
  KEEP: VCOURTS -> http://www.vcourts.com
  KEEP: Sigitek Software Services -> http://www.sigitek.com
page 18: seen=171 kept=55 skipped=116
  KEEP: VERNIER PRIVATE LIMITED -> https://www.stanzaliving.com
  KEEP: CORESONANT SYSTEMS PRIVATE LIMITED -> http://iot.coresonant.com
page 19: seen=180 kept=57 skipped=123
  KEEP: CONCENT SOLUTIONS PRIVATE LIMITED -> http://concenttech.com
  KEEP: SB SECURE DATA CENTERS INDIA PRIVATE LIMITED -> https://www.serverbasket.com
  KEEP: TECH SOLUTIONS -> http://www.ustechsolutions.com
page 20: seen=189 kept=60 skipped=129
  KEEP: VISICUBE TECHNOLOGIES PRIVATE LIMITED -> http://www.visicube.in
  KEEP: SYSCONIC TECHNOLOGIES PRIVATE LIMITED -> http://sysconictech.com
  KEEP: VOLTUSWAVE TECHNOLOGIES INDIA PRIVATE LIMITED -> http://voltuswave.ai
page 21: seen=198 kept=63 skipped=135
  KEEP: XOOT ACCESS TECH PRIVATE LIMITED -> http://www.myxoot.com
  KEEP: AVISHKAR SOFT LABS PRIVATE LIMITED (OPC) -> http://www.avishkarsoftlabs.com
  KEEP: KAGOOL DATA PRIVATE LIMITED -> https://www.kagool.com
  KEEP: CAVALRY INFO PRIVATE LIMITED -> https://cavalryinfo.com
page 22: seen=207 kept=67 skipped=140
  KEEP: WEBDIZER SOFTWARE SOLUTIONS PRIVATE LIMITED -> http://www.webdizer.com
page 23: seen=216 kept=68 skipped=148
  KEEP: Avyarth Digital Solutions Private Limited -> http://www.avyarthdigital.com
  KEEP: KENEXOFT TECHNOLOGIES PRIVATE LIMITED -> https://kenexoft.com
page 24: seen=225 kept=70 skipped=155

Done. processed 225, kept 70, total now 154
