page 0: seen=9 kept=0 skipped=5
  KEEP: KOVID ANALYTICS SOLUTIONS INDIA PRIVATE LIMITED -> http://kovida.co.in
page 1: seen=18 kept=1 skipped=9
page 2: seen=27 kept=1 skipped=16
page 3: seen=36 kept=1 skipped=21
page 4: seen=45 kept=1 skipped=29
page 5: seen=54 kept=1 skipped=34
page 6: seen=63 kept=1 skipped=41
page 7: seen=72 kept=1 skipped=49
page 8: seen=81 kept=1 skipped=56
page 9: seen=90 kept=1 skipped=62
page 10: seen=99 kept=1 skipped=65
page 11: seen=108 kept=1 skipped=71
page 12: seen=117 kept=1 skipped=77
page 13: seen=126 kept=1 skipped=86
page 14: seen=135 kept=1 skipped=92
page 15: seen=144 kept=1 skipped=98
page 16: seen=153 kept=1 skipped=105
page 17: seen=162 kept=1 skipped=111
page 18: seen=171 kept=1 skipped=115
page 19: seen=180 kept=1 skipped=122
page 20: seen=189 kept=1 skipped=128
page 21: seen=198 kept=1 skipped=134
page 22: seen=207 kept=1 skipped=139
page 23: seen=216 kept=1 skipped=147
page 24: seen=225 kept=1 skipped=154
page 25: seen=234 kept=1 skipped=158
page 26: seen=243 kept=1 skipped=161
page 27: seen=252 kept=1 skipped=166
page 28: seen=261 kept=1 skipped=172
page 29: seen=270 kept=1 skipped=179
page 30: seen=279 kept=1 skipped=184
page 31: seen=288 kept=1 skipped=190
page 32: seen=297 kept=1 skipped=196
page 33: seen=306 kept=1 skipped=201
page 34: seen=315 kept=1 skipped=206
page 35: seen=324 kept=1 skipped=210
page 36: seen=333 kept=1 skipped=215
  KEEP: MOR INNOVATIVE TECHNOLOGIES PRIVATE LIMITED -> http://www.ints.co.in
page 37: seen=342 kept=2 skipped=218
page 38: seen=351 kept=2 skipped=225
page 39: seen=360 kept=2 skipped=233
page 40: seen=369 kept=2 skipped=239
page 41: seen=378 kept=2 skipped=243
page 42: seen=387 kept=2 skipped=247
page 43: seen=396 kept=2 skipped=253
page 44: seen=405 kept=2 skipped=258
page 45: seen=414 kept=2 skipped=263
page 46: seen=423 kept=2 skipped=271
page 47: seen=432 kept=2 skipped=276
page 48: seen=441 kept=2 skipped=278
  KEEP: GOOGOL TECHKNOWLOGIES PRIVATE LIMITED -> http://googoltech.in
page 49: seen=450 kept=3 skipped=284
page 50: seen=459 kept=3 skipped=288
  KEEP: Shivani Sharma -> https://www.shineprojects.in
page 51: seen=468 kept=4 skipped=292
page 52: seen=477 kept=4 skipped=297
page 53: seen=486 kept=4 skipped=301
page 54: seen=495 kept=4 skipped=308
page 55: seen=504 kept=4 skipped=315
page 56: seen=513 kept=4 skipped=321
page 57: seen=522 kept=4 skipped=327
  KEEP: Cloud4.io -> https://www.cloud4c.com
page 58: seen=531 kept=5 skipped=332
page 59: seen=540 kept=5 skipped=337
page 60: seen=549 kept=5 skipped=344
page 61: seen=558 kept=5 skipped=350
page 62: seen=567 kept=5 skipped=357
page 63: seen=576 kept=5 skipped=365
page 64: seen=585 kept=5 skipped=372
page 65: seen=594 kept=5 skipped=378
page 66: seen=603 kept=5 skipped=381
page 67: seen=612 kept=5 skipped=387
page 68: seen=621 kept=5 skipped=394
  KEEP: Raj Dev Labs Pvt Ltd -> http://www.activepharmalabs.com
page 69: seen=630 kept=6 skipped=402
page 70: seen=639 kept=6 skipped=407
page 71: seen=648 kept=6 skipped=413
page 72: seen=657 kept=6 skipped=418
page 73: seen=666 kept=6 skipped=427
  KEEP: RYVER TECHNOLOGIES PRIVATE LIMITED -> http://ryvertech.in
page 74: seen=675 kept=7 skipped=435
page 75: seen=684 kept=7 skipped=442
page 76: seen=693 kept=7 skipped=447
page 77: seen=702 kept=7 skipped=452
page 78: seen=711 kept=7 skipped=457
page 79: seen=720 kept=7 skipped=462
page 80: seen=729 kept=7 skipped=465
page 81: seen=738 kept=7 skipped=470
page 82: seen=747 kept=7 skipped=477
page 83: seen=756 kept=7 skipped=485
  KEEP: SDA Innovative IT Solutions PVT LTD -> https://www.innovativetechnologysolutions.in
page 84: seen=765 kept=8 skipped=491
page 85: seen=774 kept=8 skipped=494
page 86: seen=783 kept=8 skipped=499
page 87: seen=792 kept=8 skipped=503
page 88: seen=801 kept=8 skipped=508
page 89: seen=810 kept=8 skipped=514
page 90: seen=819 kept=8 skipped=520
page 91: seen=828 kept=8 skipped=524
page 92: seen=837 kept=8 skipped=529
page 93: seen=846 kept=8 skipped=535
page 94: seen=855 kept=8 skipped=536
page 95: seen=864 kept=8 skipped=544
page 96: seen=873 kept=8 skipped=552
page 97: seen=882 kept=8 skipped=559
  KEEP: Raps Confab Private Limited -> http://www.rapstech.co.in
page 98: seen=891 kept=9 skipped=565
page 99: seen=900 kept=9 skipped=572
page 100: seen=909 kept=9 skipped=580
page 101: seen=918 kept=9 skipped=587
page 102: seen=927 kept=9 skipped=591
page 103: seen=936 kept=9 skipped=600
page 104: seen=945 kept=9 skipped=603
page 105: seen=954 kept=9 skipped=607
page 106: seen=963 kept=9 skipped=614
page 107: seen=972 kept=9 skipped=619
page 108: seen=981 kept=9 skipped=623
page 109: seen=990 kept=9 skipped=627
page 110: seen=999 kept=9 skipped=628
page 111: seen=1008 kept=9 skipped=635
page 112: seen=1017 kept=9 skipped=639
page 113: seen=1026 kept=9 skipped=644
page 114: seen=1035 kept=9 skipped=647
page 115: seen=1044 kept=9 skipped=649
page 116: seen=1053 kept=9 skipped=656
page 117: seen=1062 kept=9 skipped=658
page 118: seen=1071 kept=9 skipped=660
page 119: seen=1080 kept=9 skipped=665
page 120: seen=1089 kept=9 skipped=672
  KEEP: hai.support -> http://aadisolutions.in
page 121: seen=1098 kept=10 skipped=676
page 122: seen=1107 kept=10 skipped=681
page 123: seen=1116 kept=10 skipped=686
page 124: seen=1125 kept=10 skipped=690
  KEEP: SS IT TECHNOLOGIES -> https://ssstechnologies.in
page 125: seen=1134 kept=11 skipped=695
page 126: seen=1143 kept=11 skipped=703
page 127: seen=1152 kept=11 skipped=708
page 128: seen=1161 kept=11 skipped=712
page 129: seen=1170 kept=11 skipped=717
page 130: seen=1179 kept=11 skipped=721
page 131: seen=1188 kept=11 skipped=725
page 132: seen=1197 kept=11 skipped=730
page 133: seen=1206 kept=11 skipped=733
page 134: seen=1215 kept=11 skipped=740
page 135: seen=1224 kept=11 skipped=747
page 136: seen=1233 kept=11 skipped=752
page 137: seen=1242 kept=11 skipped=757
page 138: seen=1251 kept=11 skipped=761
page 139: seen=1260 kept=11 skipped=768
page 140: seen=1269 kept=11 skipped=773
page 141: seen=1278 kept=11 skipped=779
page 142: seen=1287 kept=11 skipped=784
page 143: seen=1296 kept=11 skipped=788
page 144: seen=1305 kept=11 skipped=793
page 145: seen=1314 kept=11 skipped=798
page 146: seen=1323 kept=11 skipped=803
page 147: seen=1332 kept=11 skipped=809
page 148: seen=1341 kept=11 skipped=814
page 149: seen=1350 kept=11 skipped=819
  KEEP: GUNJUTE TECHNOLOGIES (OPC) PRIVATE LIMITED -> https://gunjutech.in
  KEEP: METANOVA AI PRIVATE LIMITED -> https://metanovaai.com
  KEEP: Dezen Technology Solutions Private Limited -> http://www.dezentech.com
page 150: seen=1359 kept=14 skipped=825
  KEEP: GANDIVA IT SERVICES PRIVATE LIMITED -> http://gandivaits.com
  KEEP: DYNAMICO IT SOLUTIONS PRIVATE LIMITED -> https://www.dynamicoitsolutions.com
  KEEP: APEXMERCE SOLUTIONS PRIVATE LIMITED -> https://www.apexcommerce.com
  KEEP: TEK NINJAS PRIVATE LIMITED -> https://tekninjas.com
page 151: seen=1368 kept=18 skipped=830
  KEEP: Zenbyt Private Limited -> https://zenbyt.com
page 152: seen=1377 kept=19 skipped=838
  KEEP: EPITOMEHUB TECHNOLOGIES PRIVATE LIMITED -> http://epitomehub.com
page 153: seen=1386 kept=20 skipped=846
  KEEP: BAM FORCE PRIVATE LIMITED -> http://www.hyderabadforce.com
  KEEP: GYAAN LABS INDIA PRIVATE LIMITED -> http://gyaanplant.in
page 154: seen=1395 kept=22 skipped=853
  KEEP: VERSATILE COMMERCE LLP -> https://www.versatilecommerce.com
  KEEP: SEVEN83 SYSTEMS PRIVATE LIMITED -> https://seven83systems.com
page 155: seen=1404 kept=24 skipped=860
  KEEP: NAPLES TECHSOL PRIVATE LIMITED -> https://www.naplestechsol.com
  KEEP: AvenirDigital Solutions Pvt. Ltd. -> http://www.avenirdigital.ai
  KEEP: Bharat One Way -> https://www.bharatoneway.com
page 156: seen=1413 kept=27 skipped=866
  KEEP: WINGSTEK INNOVATIONS PRIVATE LIMITED -> https://wingstek.com
  KEEP: GAC DIGITAL PRIVATE LIMITED -> https://gacdigital.in
page 157: seen=1422 kept=29 skipped=873
  KEEP: VIDROSYS TECHNOLOGIES (OPC) PRIVATE LIMITED -> https://vidrosys.com
  KEEP: DATASPEAKS SERVICES PRIVATE LIMITED -> https://dataspeaks.co
  KEEP: ALTICE LABS INDIA PRIVATE LIMITED -> https://alticelabs.in
  KEEP: DIGITALCODE SOFTECH PRIVATE LIMITED -> https://www.digitalcodesoftech.com
  KEEP: Bilwaa Technologies Private Limited. -> http://bilwaatech.com
page 158: seen=1431 kept=34 skipped=877
  KEEP: Atriyo Technologies -> http://atriyo.com
  KEEP: ADDATTO SOFTWARE SERVICES PRIVATE LIMITED -> https://addatto.com
  KEEP: FIXITY TECHNOLOGIES PRIVATE LIMITED -> https://fixitytech.com
  KEEP: 2080 TECHNOLOGIES PRIVATE LIMITED -> https://2080tpl.com
page 159: seen=1440 kept=38 skipped=882
  KEEP: Sign Panel -> http://www.zoomsignage.in
  KEEP: MIRAI GEN PRIVATE LIMITED -> http://pavanimirai.com
  KEEP: BRANIC TECH SOLUTIONS PRIVATE LIMITED -> http://www.branictech.com
page 160: seen=1449 kept=41 skipped=888
  KEEP: SOFTPATH TECH SOLUTIONS PRIVATE LIMITED -> http://www.softpathtech.com
  KEEP: VELSPRINT TECHNOLOGIES PRIVATE LIMITED -> http://velsprint.in
  KEEP: THVR QUANTUMTECH IT SOLUTIONS PRIVATE LIMITED -> https://thvrquantumtech.com
  KEEP: HEXARACT SOLUTIONS PRIVATE LIMITED -> https://hexaractsolutions.com
page 161: seen=1458 kept=45 skipped=893
  KEEP: Ametecs India Private Limited -> https://ametecsindia.com
  KEEP: Xyronics -> http://www.xyronics.com
  KEEP: QTI LABS PRIVATE LIMITED -> https://www.qualitlabs.com
page 162: seen=1467 kept=48 skipped=899
  KEEP: Adamantine Digital Pvt Ltd -> https://www.adamantinedigital.com
page 163: seen=1476 kept=49 skipped=906
  KEEP: EAGLEMOUNT SOFTWARE PRIVATE LIMITED -> https://eaglemountsoft.com
  KEEP: Expeed Software Private Limited -> https://expeed.com
  KEEP: SACHA TECHNOLOGIES -> http://sachatechnologies.com
page 164: seen=1485 kept=52 skipped=912
  KEEP: MACHINT SOLUTIONS PRIVATE LIMITED -> http://www.machint.com
  KEEP: Toltec Solutions (OPC) Pvt. Ltd. -> http://toltec-solutions.com
  KEEP: Cipherhub Solutions Pvt Ltd -> http://cipherhub.com
page 165: seen=1494 kept=55 skipped=918
  KEEP: PRIMIC IT SOLUTIONS PRIVATE LIMITED -> http://primicsolutions.com
  KEEP: NFR INFOTECH (OPC) PRIVATE LIMITED -> https://nfrinfotech.com
  KEEP: HASHTAG DIAL PRIVATE LIMITED -> https://hashtag-banjara-hills.grexa.site
page 166: seen=1503 kept=58 skipped=924
  KEEP: BabyCornSoft LLP -> http://babycornsoft.com
  KEEP: Slyko Technologies Private Limited -> http://slyko.tech
  KEEP: Jupiter Meta -> https://jupitermeta.io
  KEEP: CIYASH TECHNOLOGIES PVT LTD -> https://www.ciyash.com
  KEEP: ZERODOT PLUS PRIVATE LIMITED -> https://zerodotplus.com
  KEEP: Nellsys Technologies Private Limited -> https://www.nellsys.com
page 167: seen=1512 kept=64 skipped=927
  KEEP: RENOTE AI PRIVATE LIMITED -> https://www.renote.ai
  KEEP: LETITBEX AI TECH SOLUTIONS PRIVATE LIMITED -> http://letitbexai.com
  KEEP: TRISHOKA DIGITAL SERVICES -> http://www.trishoka.com
  KEEP: CEEWELL TECHNOLOGIES PVT LTD -> https://ceewelltech.com
  KEEP: VAB INFORMATICS PRIVATE LIMITED -> http://vabinformatics.com
page 168: seen=1521 kept=69 skipped=931
  KEEP: PIXELSTAT E-SOLUTIONS DEVELOPMENT PRIVATE LIMITED -> http://www.pixelstat.com
  KEEP: INSIGHTBLEND ANALYTICS LLP -> https://www.insightblend.com
  KEEP: AIMNXT TECHNOLOGIES LLP -> https://aimnxt.org
page 169: seen=1530 kept=72 skipped=937
  KEEP: Spack Solutions Pvt Ltd -> https://www.spackdigi.com
  KEEP: RUTAKSHI TECHNOLOGIES PRIVATE LIMITED -> https://runo.ai
  KEEP: INFOREPOS TECHNOLOGIES PRIVATE LIMITED -> http://www.inforepos.com
page 170: seen=1539 kept=75 skipped=943
  KEEP: Clintask Solutions Private Limited -> http://www.clintask.com
  KEEP: CODEHIVE LABS PRIVATE LIMITED -> http://www.codehivesolutions.com
  KEEP: Shinehigh Xperts Private Limited -> http://shinehighxperts.com
  KEEP: LINCHPIN SOFT SOLUTIONS PRIVATE LIMITED -> https://www.linchpinsoftsolutions.com
page 171: seen=1548 kept=79 skipped=948
  KEEP: HYENA INFORMATION TECHNOLOGIES PRIVATE LIMITED -> https://www.hyena.ai
  KEEP: ATYA TECHNOLOGIES PRIVATE LIMITED -> https://www.atya.co.in
page 172: seen=1557 kept=81 skipped=955
  KEEP: DNR SURVEYS -> https://dnr360surveys.com
  KEEP: Yvidhya Solutions Private Limited -> http://www.yvidhya.com
  KEEP: Dream Satisfy Digital Agency -> https://dreamsatisfydigitalagency.in
  KEEP: Teqmate Innovative Solutions -> https://teqmate.in
  KEEP: Omniworks Private Limited -> http://omniworksindia.com
  KEEP: Synchroni Global  -> https://synchroni.ai
page 173: seen=1566 kept=87 skipped=958
  KEEP: CLOUD 9 SECURE TALENT PRIVATE LIMITED -> https://cloud9digital.in
  KEEP: DATA ERPSYSTEMS INDIA PRIVATE LIMITED -> http://www.dataerpsys.com
  KEEP: Kaizen Platforms -> http://www.kaizentek.com
page 174: seen=1575 kept=90 skipped=964
page 175: seen=1584 kept=90 skipped=973
  KEEP: VELOVOX INFOTECH PRIVATE LIMITED -> https://velovoxinfotech.com
  KEEP: CPD -> https://www.cpd.net.in
  KEEP: ATPS GLOBAL PRIVATE LIMITED -> https://www.atpsglobal.io
page 176: seen=1593 kept=93 skipped=979
  KEEP: CYNORSENSE SOLUTIONS PRIVATE LIMITED -> https://www.cynorsense.com
  KEEP: FIXEL MEDIA PRIVATE LIMITED -> https://fixelmedia.com
page 177: seen=1602 kept=95 skipped=986
  KEEP: wexdi software services -> https://www.wexdisoftwareservices.com
  KEEP: SMALL FARE SERVICES PRIVATE LIMITED -> http://smallpage.in
  KEEP: UXINTERFACELY IT SOLUTIONS LLP -> http://www.uxinterfacely.com
  KEEP: VIDURA INFOTECH LLP -> http://www.viduralearning.com
  KEEP: SAPPHIRUS SYSTEMS PRIVATE LIMITED -> http://www.sapphirus.in
page 178: seen=1611 kept=100 skipped=990
  KEEP: SUN SPACE CLOUD TECHNOLOGIES PRIVATE LIMITED -> http://www.sunspacecloud.com
  KEEP: EARBOR LLP -> http://earbor.com
  KEEP: LESINIO PRIVATE LIMITED -> http://www.lesinio.com
  KEEP: COLLABTECHNIQS CONSULTING PRIVATE LIMITED -> https://collabtechniqs.com
  KEEP: AJUSERV IT SOLUTIONS PRIVATE LIMITED -> https://www.ajuserv.com
  KEEP: KREDAS IT AND ITES INDIA PRIVATE LIMITED -> https://www.kredasit.com
page 179: seen=1620 kept=106 skipped=993
  KEEP: PHELIX IT SOLUTIONS PRIVATE LIMITED -> http://phelixitsolutions.com
  KEEP: XYENTA SOLUTIONS INDIA PRIVATE LIMITED -> http://www.xyenta.com
  KEEP: TEKNOVATE ENTERPRISE SOLUTIONS PRIVATE LIMITED -> https://www.teknovate.in
  KEEP: TEAMSPR TECHNOLOGIES PRIVATE LIMITED -> http://teamsprtech.com
page 180: seen=1629 kept=110 skipped=998
  KEEP: T-Connect Consultancy and Service Private Limited -> http://tconnectservices.com
  KEEP: CLIM IT SOLUTIONS PRIVATE LIMITED -> http://www.climitsolutions.com
  KEEP: SNAD Developers India Private Limited  -> http://snaddevelopers.com
  KEEP: STUDIO DYNAMICS PRIVATE LIMITED -> https://dramatic.studio
  KEEP: ViralPe Sales and Services Private Limited -> https://www.viralpe.com
page 181: seen=1638 kept=115 skipped=1002
  KEEP: SUDARSINI SOLUTIONS LLP -> http://www.sudarsini.com
  KEEP: BRIGHT PATH INNOVATORS PRIVATE LIMITED -> https://www.brightpathinnovators.com
  KEEP: SOFT ELECTRONIC SOLUTIONS -> http://www.softelectronicsolutions.com
page 182: seen=1647 kept=118 skipped=1008
page 183: seen=1656 kept=118 skipped=1017
  KEEP: ASPIRE TEKHUB SOLUTIONS PRIVATE LIMITED -> https://www.aspireths.com
  KEEP: PROTECCIO DATA SOLUTIONS PRIVATE LIMITED -> https://protecciodata.com
page 184: seen=1665 kept=120 skipped=1024
  KEEP: CENTPERCENT TECHNOLOGIES PRIVATE LIMITED -> http://centpercent.co.in
page 185: seen=1674 kept=121 skipped=1032
  KEEP: VIDER BUSINESS SOLUTIONS PRIVATE LIMITED -> https://vider.in
  KEEP: HSB INFORMATION TECHNOLOGIES PRIVATE LIMITED -> https://hsbinfotech.com
  KEEP: AZNOX IT SOLUTIONS PRIVATE LIMITED -> https://www.aznox.net
page 186: seen=1683 kept=124 skipped=1038
  KEEP: SUNE SOLUTIONS PRIVATE LIMITED -> http://www.sunesolutions.in
  KEEP: SUBETEMAHO SOLUTIONS PRIVATE LIMITED -> https://subetemaho.com
  KEEP: Krishnas Digital Technologies and Softlabs Private Limited -> http://www.krishnasdigitech.in
page 187: seen=1692 kept=127 skipped=1044
  KEEP: GVR INFOSYSTEMS PRIVATE LIMITED -> https://www.gvrinfosystems.com
page 188: seen=1701 kept=128 skipped=1052
  KEEP: DCODEXP IT SOLUTIONS PRIVATE LIMITED -> https://www.dcodexp.com
  KEEP: SREEVIA AI TECHNOLOGIES PRIVATE LIMITED -> https://www.sreeviaai.com
  KEEP: CROSKAL TECHNOLOGIES PRIVATE LIMITED -> https://www.croskal.com
  KEEP: PROSYS BUSINESS SOLUTIONS PRIVATE LIMITED -> http://www.prosystech.in
page 189: seen=1710 kept=132 skipped=1057
  KEEP: TWINFINITY DIGITECH SOLUTIONS PRIVATE LIMITED -> https://twinfinity.in
  KEEP: TAGSOL NOVA LLP -> https://nova.tagsol.tech
  KEEP: YUDI INFOTECH -> https://yudiinfotech.com
page 190: seen=1719 kept=135 skipped=1063
  KEEP: SRIVEN DIGITAL INDIA PRIVATE LIMITED -> http://www.srivencorporation.com
  KEEP: LEVER & FULCRUM SOLUTIONS PRIVATE LIMITED -> https://www.leverandfulcrum.com
  KEEP: Raisonminds solutions private limited -> https://raisonminds.com
  KEEP: QUINNTECH SOLUTIONS PRIVATE LIMITED -> https://www.quinntech.in
page 191: seen=1728 kept=139 skipped=1068
  KEEP: ASETONS IT SERVICES -> https://asetonsitservices.com
  KEEP: RAMIGANI TECH SOLUTIONS PRIVATE LIMITED -> http://www.ramigani.com
  KEEP: ELV8PRO CONSULTS PRIVATE LIMITED -> https://www.elv8pro.in
page 192: seen=1737 kept=142 skipped=1074
  KEEP: RJAY Technologies Private Limited -> http://rjaytechnologies.com
  KEEP: SRI YANTRA VIDYA INTELLIGENT SYSTEMS PRIVATE LIMITED -> https://www.syvminds.com
  KEEP: PRT SOFTWARE SOLUTIONS LLP -> https://prtsoftwaresolutions.com
  KEEP: BIOECOSAT DIGITAL PRIVATE LIMITED -> https://bioecosatdigital.com
  KEEP: SOURCEON APPS PRIVATE LIMITED -> https://www.sourceonapps.com
  KEEP: KBK BUSINESS SOLUTIONS PRIVATE LIMITED -> https://www.kbkbusinesssolutions.com
page 193: seen=1746 kept=148 skipped=1077
  KEEP: ISCS Technologies Private Limited -> http://www.iscstech.com
  KEEP: NEXUSEPM CONSULTING PRIVATE LIMITED -> https://nexusepm.com
page 194: seen=1755 kept=150 skipped=1084
  KEEP: FUTURE STERN SOFTWARE SOLUTIONS PRIVATE LIMITED -> https://futuretechsolution.in
  KEEP: PGSN SOFT TECH PRIVATE LIMITED -> http://www.pgsnsofttech.com
page 195: seen=1764 kept=152 skipped=1091
  KEEP: FLEETRONIX SYSTEMS PRIVATE LIMITED -> http://www.fleetronix.io
  KEEP: ZYNLOGIC TECHNOLOGIES PRIVATE LIMITED -> http://www.zynlogic.com
  KEEP: EONN UNIVERSE PRIVATE LIMITED -> http://eonverse.in
page 196: seen=1773 kept=155 skipped=1097
  KEEP: CONVEY TECH LABS INDIA PRIVATE LIMITED -> http://www.conveytechlabs.com
  KEEP: NITI9 Services -> https://niti9.com
  KEEP: APPSPIRE SOLUTIONS (OPC) PRIVATE LIMITED -> https://www.appspiresolutions.com
page 197: seen=1782 kept=158 skipped=1103
  KEEP: Leon Hosting services  -> https://www.leonas.in
  KEEP: INFOSOLIC TECHNOLOGIES PRIVATE LIMITED -> https://www.infosolic.com
page 198: seen=1791 kept=160 skipped=1110
  KEEP: SRIJAY SOFTWARE SOLUTIONS PRIVATE LIMITED -> http://www.srijaytech.com
  KEEP: SADHU TECHNOLOGIES PRIVATE LIMITED -> http://www.sadhuarchitects.com
page 199: seen=1800 kept=162 skipped=1117
  KEEP: SRR FUTURE TECH SOLUTIONS PRIVATE LIMITED -> https://futuretechsolution.in
  KEEP: YGR GOBAL IT SERVICES PRIVATE LIMITED -> https://ygrgobalitservices.com
  KEEP: APEX ENVISION SPATIAL PRIVATE LIMITED -> http://futureapex.in
page 200: seen=1809 kept=165 skipped=1123
  KEEP: ALBUM PRIVATE LIMITED -> https://www.albumdesigningservice.com
  KEEP: STACK AID TECHNOLOGIES (OPC) PRIVATE LIMITED -> https://stackaisolutions.com
  KEEP: LAXM (OPC) PRIVATE LIMITED -> http://www.srilaxmipackagingindustries.com
  KEEP: FLY EXPLORE TRAVELTECH PRIVATE LIMITED -> http://flytoexploreholidays.ezyro.com
page 201: seen=1818 kept=169 skipped=1128
  KEEP: TIVOXY CORPORATION PRIVATE LIMITED -> https://tivoxy.com
page 202: seen=1827 kept=170 skipped=1136
  KEEP: SWAT WEB INDIA PRIVATE LIMITED -> https://swatweb.in
page 203: seen=1836 kept=171 skipped=1144
  KEEP: NTNL IT SOLUTIONS PRIVATE LIMITED -> http://www.ntnlinfra.com
page 204: seen=1845 kept=172 skipped=1152
  KEEP: BUSINESSPORT INDIA LLP -> https://businessport.ltd
  KEEP: BILL BOX TECHNOLOGIES PRIVATE LIMITED -> https://www.billbox.co.in
  KEEP: SAVYASACHEE AI TECHNOLOGIES PRIVATE LIMITED -> https://savyasachee.com
  KEEP: BAZOOKA TECHNOLOGIES PRIVATE LIMITED -> http://bazookatechnologies.com
page 205: seen=1854 kept=176 skipped=1157
  KEEP: SWAKRITHI INNOVATIONS PRIVATE LIMITED -> https://www.swakrithi.com
  KEEP: LANCORP TECHNOLOGIES PRIVATE LIMITED -> http://lancorptechnologies.com
  KEEP: AJS INNOVATIONS PRIVATE LIMITED -> http://ajsinnovations.in
  KEEP: PROPENU SOLUTIONS PRIVATE LIMITED -> https://www.propenu.com
  KEEP: Vatsa Procons, LLP. -> https://www.vatsaprocons.com
page 206: seen=1863 kept=181 skipped=1161
  KEEP: SIARHO GLOBAL SOLUTIONS PRIVATE LIMITED -> https://siarho.com
  KEEP: SAMYAK ECO SOLUTIONS LLP -> https://thesamyakenterprises.com
  KEEP: BOSS GLOBAL PRIVATE LIMITED -> http://www.bossllcusa.com
page 207: seen=1872 kept=184 skipped=1167
  KEEP: Luxon Tech solutions Pvt Ltd -> https://luxonweb.com
  KEEP: Prowess Bridge Tech Pvt Ltd -> http://www.prowesssoft.com
  KEEP: DREAM LEVEL SOLUTIONS PRIVATE  LIMITED -> https://www.dreamsmediasolutions.com
  KEEP: Arkah Technologies -> https://www.arkahenterprises.com
page 208: seen=1881 kept=188 skipped=1172
  KEEP: BIZIONIC TECHNOLOGIES PRIVATE LIMITED -> https://www.bizionictech.com
  KEEP: REDIHIRE GLOBAL SERVICES PRIVATE LIMITED -> https://www.redihire.com
  KEEP: CLOUDSTEPIN TECHNOLOGIES PRIVATE LIMITED -> https://cloudstepin.com
  KEEP: LEAF CRAFT PRIVATE LIMITED -> https://leafcraft.ai
page 209: seen=1890 kept=192 skipped=1177
  KEEP: SOFTURECS AI LABS PRIVATE LIMITED -> https://softurecs.com
  KEEP: DEBITE SOLUTIONS PRIVATE LIMITED -> https://www.debite.in
  KEEP: SKYWEB IT SOLUTIONS PRIVATE LIMITED -> https://skywebdev.xyz
  KEEP: TEKTONICS SERVICES (OPC) PRIVATE LIMITED -> https://www.tektonics.co
page 210: seen=1899 kept=196 skipped=1182
  KEEP: HYPERGRID TECHNOLOGY SOLUTIONS PRIVATE LIMITED -> https://hypergts.com
  KEEP: SHAVIGROW PRIVATE LIMITED -> https://shavigrow.com
page 211: seen=1908 kept=198 skipped=1189
  KEEP: AGRIBRIDGE INDIA LLP -> http://www.agribridge.in
  KEEP: VANCOR GLOBAL SERVICES PRIVATE LIMITED -> https://www.vancor.ai
  KEEP: SPLITBIT INNOVATIVE SOLUTIONS LLP -> https://www.splitbit.io
page 212: seen=1917 kept=201 skipped=1195
page 213: seen=1926 kept=201 skipped=1204
  KEEP: EPTPRAVAHAA EDU TECH SOLUTIONS PRIVATE LIMITED -> http://eptpravahaa.com
page 214: seen=1935 kept=202 skipped=1212
  KEEP: NFORCE ONE PRIVATE LIMITED -> http://www.nforceone.com
  KEEP: WEBORA SOLUTIONS LLP -> https://webora.solutions
  KEEP: SFON TECHNOLOGIES LLP -> http://www.sfontechnologies.com
page 215: seen=1944 kept=205 skipped=1218
  KEEP: LANCESOFT HPO SERVICES PRIVATE LIMITED -> http://www.lancesoft.in
  KEEP: CLOUDEVOLVE INTERNET SERVICES PRIVATE LIMITED -> https://www.cloudevolve.com
page 216: seen=1953 kept=207 skipped=1225
  KEEP: SARTHAKEDGE IT SOLUTIONS PRIVATE LIMITED -> https://www.sarthakedge.com
  KEEP:  ZENNX TECHNOLOGIES PRIVATE LIMITED -> http://zennx.in
page 217: seen=1962 kept=209 skipped=1232
  KEEP: MOXIEIT DIGITAL PVT LTD -> https://moxieit.com
  KEEP: DIGO IT SOLUTIONS PRIVATE LIMITED -> https://digoit.com
  KEEP: MONEY MITRA GROUP INDIA LLP -> https://mitra.money
  KEEP: GIFTY APP SOLUTIONS -> https://giftysolutions.com
  KEEP: Lunovian Technologies -> http://www.lunoviantechnologies.com
page 218: seen=1971 kept=214 skipped=1236
  KEEP: CASPIAN SOLUTIONS LLP -> http://caspianservices.in
  KEEP: PROCESS GRIT PRIVATE LIMITED -> http://www.processgrit.com
  KEEP: MEDHATECHVERSE PRIVATE LIMITED -> http://www.medhatechverse.com
page 219: seen=1980 kept=217 skipped=1242
  KEEP: Zaltix soft solutions Private Limited -> https://www.zaltixsoftsolutions.com
  KEEP: I4D PARISHKAAR TECHNOLOGIES PRIVATE LIMITED -> https://parishkaar.com
page 220: seen=1989 kept=219 skipped=1249
  KEEP: JAC MAGNUS PRIVATE LIMITED -> https://www.magnuspro.in
  KEEP: TEKNR IT SOLUTIONS PRIVATE LIMITED -> https://www.teknr.com
  KEEP: sutantra software -> https://sutantra-software.com
  KEEP: VISTAWAYSTECH LLP -> https://vistawaystech.com
page 221: seen=1998 kept=223 skipped=1254
  KEEP: RKS BRAINSTORM PRIVATE LIMITED -> https://www.rksbrainstorm.com
  KEEP: Srivin Tech Private Limited -> http://srivin.org
page 222: seen=2007 kept=225 skipped=1261
  KEEP: SPESHWAY SOLUTIONS PRIVATE LIMITED -> https://www.speshway.com
  KEEP: DIGITOWORK SOLUTIONS LLP -> https://digitowork.com
  KEEP: TATTVA TECH SOLUTIONS PRIVATE LIMITED -> https://www.tattvatechsolutions.com
page 223: seen=2016 kept=228 skipped=1267
  KEEP: SNEPATH IT TECHNOLOGIES PRIVATE LIMITED -> https://snepath.com
  KEEP: REVONEER CONSULTANCY SERVICES PRIVATE LIMITED -> http://revoneer.in
  KEEP: Bremermann Digital Consulting Pvt ltd -> https://bremermanndigital.com
  KEEP: VOLKSSKATT INFOTECH PRIVATE LIMITED -> http://www.volksskatt.com
page 224: seen=2025 kept=232 skipped=1272
  KEEP: TREZO PRIVATE LIMITED -> https://trezotech.com
page 225: seen=2034 kept=233 skipped=1280
  KEEP: SRI URJITH SERVICES PRIVATE LIMITED -> http://www.visionavenues.com
  KEEP: INGWA LABS IT SERVICES PRIVATE LIMITED -> http://ingwalabs.com
  KEEP: RAYNASYS TECHNOLOGIES PRIVATE LIMITED -> https://www.raynasys.com
  KEEP: CREATIVE GROUND TECHNOLOGIES PRIVATE LIMITED -> https://www.creativetechnologiesasia.com
page 226: seen=2043 kept=237 skipped=1285
  KEEP: VASDOL TECHNOLOGIES PRIVATE LIMITED -> https://www.vasdoltechnologies.com
  KEEP: DestinPQ -> https://www.destinpq.com
page 227: seen=2052 kept=239 skipped=1292
  KEEP: STARMEDA SOLUTIONS PRIVATE LIMITED -> https://starmeda.com
  KEEP: IMPULSEIQ CONSULTING PRIVATE LIMITED -> https://impulseiqconsulting.com
page 228: seen=2061 kept=241 skipped=1299
  KEEP: LINUS PLATFORMS PRIVATE LIMITED -> http://www.linusbusiness.in
  KEEP: KANZOO GLOBAL PRIVATE LIMITED -> http://kanzooglobal.com
  KEEP: BLUE WHEEL INNOVATIONS PRIVATE LIMITED -> https://bluewheel.app
  KEEP: ALTZEN TECHNOLOGIES PRIVATE LIMITED -> https://www.altzentech.com
  KEEP: SNC&IT Services Private Limited -> https://sncitservices.com
  KEEP: VINCERE TECH SOLUTIONS PRIVATE LIMITED -> http://www.vinceretechsol.com
  KEEP: OMNIEBEE GLOBAL SOLUTIONS PRIVATE LIMITED -> https://omniebeeglobalsolutions.com
page 229: seen=2070 kept=248 skipped=1301
  KEEP: SASTECH INNOVISION PRIVATE LIMITED -> http://sastechit.com
  KEEP: AURAON TECHNOLOGIES AND SOFTWARE SOLUTIONS PRIVATE LIMITED -> https://www.auraontechnologies.com
  KEEP: JBN INNO TECH PRIVATE LIMITED -> https://jbninnotech.com
  KEEP: SRI DIVYA SANKALPSHAKTHI PRIVATE LIMITED -> http://sankalpshakthi.co
page 230: seen=2079 kept=252 skipped=1306
  KEEP: XPLORE NEW -> https://xplorenew.com
  KEEP: PRAKMAS GLOBAL INNOVATIONS PRIVATE LIMITED -> https://www.prakmas.com
  KEEP: MIRRORWEBS PRIVATE LIMITED -> http://www.mirrorwebs.com
page 231: seen=2088 kept=255 skipped=1312
  KEEP: AYNTECHLAB SOLUTIONS PRIVATE LIMITED -> http://www.ayntechlab.com
page 232: seen=2097 kept=256 skipped=1320
page 233: seen=2106 kept=256 skipped=1329
  KEEP: BHAMI SOFTWARE TECHNOLOGIES PRIVATE LIMITED -> http://bhamibusinesssolutions.com
  KEEP: UNIQODE TECH SOLUTIONS PRIVATE LIMITED -> https://www.uniqodetech.com
page 234: seen=2115 kept=258 skipped=1336
  KEEP: RV VERTEX TECHNOLOGIES PRIVATE LIMITED -> https://rvvtech.in
  KEEP: ZYNGRAM IT SERVICES PRIVATE LIMITED -> https://zyngram.net
  KEEP: CYLONOAK TECHNOLOGY PRIVATE LIMITED -> http://www.cylonoak.com
page 235: seen=2124 kept=261 skipped=1342
  KEEP: REMOTEBUDDEE IT SERVICES PRIVATE LIMITED -> https://www.remotebuddee.com
  KEEP: KITSAC IT & SOFTWARE SOLUTIONS PRIVATE LIMITED -> http://www.kitsacitsolutions.com
page 236: seen=2133 kept=263 skipped=1349
  KEEP: VISHMUKA TECHWORKS PRIVATE LIMITED -> http://www.vishmuka.in
  KEEP: LOGIKWERK PRIVATE LIMITED -> http://www.logikwerk.in
  KEEP: MINEMATICS SOLUTIONS PRIVATE LIMITED -> http://www.minematics.in
page 237: seen=2142 kept=266 skipped=1355
  KEEP: TECH DHISHANA PRIVATE LIMITED -> http://www.krishnasdigitech.in
page 238: seen=2151 kept=267 skipped=1363
  KEEP: VRIKODA TECHNOLOGIES PRIVATE LIMITED -> https://vrikoda.com
page 239: seen=2160 kept=268 skipped=1371
  KEEP: CONFIDEO IT SERVICES LLP -> https://confideoit.com
  KEEP: MIO SYNERGY LLP -> http://www.synergyinfra.com
  KEEP: FUTURE INVO SOLUTIONS -> https://www.futureinvo.com
  KEEP: AKVIP Technologies -> http://www.akvip.in
page 240: seen=2169 kept=272 skipped=1376
  KEEP: PYRAMIDFUSION TECH INDIA LLP -> http://pyramidfusiontech.com
  KEEP: PRINCO SOLUTIONS PRIVATE LIMITED -> http://www.princosolutions.in
  KEEP: MAGNIFIQ IT SOLUTIONS PRIVATE LIMITED -> http://www.magnifiqsecurities.com
  KEEP: GROWTHX AI PARTNERS LLP -> https://www.growthxagency.in
page 241: seen=2178 kept=276 skipped=1381
  KEEP: AAJ CODERS HUB PRIVATE LIMITED -> https://rm1codershub.com
page 242: seen=2187 kept=277 skipped=1389
  KEEP: Noventis It Private limited -> https://www.noventisit.com
page 243: seen=2196 kept=278 skipped=1397
  KEEP: GALACTIX SOLUTIONS PRIVATE LIMITED -> https://galactixsolutions.com
  KEEP: ANALOGUE TECHNOSOL PRIVATE LIMITED -> https://analogueitsolutions.com
  KEEP: COINEARTH TECHNOLOGIES PRIVATE LIMITED -> https://www.coinearth.in
  KEEP: SYK TECHNOLOGIES PRIVATE LIMITED -> http://syktechnologies.com
  KEEP: IDEA VAULT TECH LLP -> http://www.idealabsftv.in
page 244: seen=2205 kept=283 skipped=1401
  KEEP: DEXAMINDS SOFTWARE PRIVATE LIMITED -> https://dexaminds.com
  KEEP: THINKSMITHS SOFTWARE SERVICES PRIVATE LIMITED -> http://thethinksmiths.com
  KEEP: EZERV SOLUTIONS INDIA PRIVATE LIMITED -> https://www.dezerv.in
page 245: seen=2214 kept=286 skipped=1407
  KEEP: HARIDRA IT PRIVATE LIMITED -> https://www.haridrait.com
  KEEP: KASTECH SOFTWARE SOLUTIONS (INDIA) PRIVATELIMITED -> https://www.kastechssg.com
  KEEP: ORBITNEXA TECHNOLOGIES (OPC) PRIVATE LIMITED -> https://www.orbitnexa.com
  KEEP: PANACEA IT SERVICES PRIVATE LIMITED -> https://panaceaitservices.com
page 246: seen=2223 kept=290 skipped=1412
  KEEP: NOVETUM PRIVATE LIMITED -> http://novetum.com
  KEEP: MAINFRAME CONSULTING LLP -> https://mainframetrainings.com
page 247: seen=2232 kept=292 skipped=1419
  KEEP: ZYPHERCODE PRIVATE LIMITED -> https://www.zypher-code.com
page 248: seen=2241 kept=293 skipped=1427
  KEEP: TECHNEX CLOUD NETWORKS PRIVATE LIMITED -> https://technexcloudnetworks.in
  KEEP: AMARA INFO TECH LLP -> https://www.amaratec.com
  KEEP: VIRTUAX TECHNOLOGIES PRIVATE LIMITED -> http://virtuaxtechnologies.com
page 249: seen=2250 kept=296 skipped=1433
  KEEP: AADHYA INNOVATIONS GROUP (OPC) PRIVATE LIMITED -> https://aadhyainnovationsgroup.com
  KEEP: CGK TTS IT SOLUTIONS PRIVATE LIMITED -> https://www.tweaktechsol.com
page 250: seen=2259 kept=298 skipped=1440
  KEEP: Vijay Software Solutions Private Limited  -> https://vs-solutions.in
  KEEP: SHR TRINITY -> https://divyasree.com
  KEEP: INTOTHEPRO TECHSCAPES -> https://intothepro.com
  KEEP: PATTERNS INFOTECH PRIVATE LIMITED -> https://www.thepatternscompany.com
page 251: seen=2268 kept=302 skipped=1445
  KEEP: ZEN PY TECHNOLOGIES (OPC) PRIVATE LIMITED -> https://www.zentechnologies.com
  KEEP: CLOUDVETO TECHNOLOGIES (OPC) PRIVATE LIMITED -> https://cloudveto.com
  KEEP: HASHKRAFT TECHNOLOGIES PRIVATE LIMITED -> https://www.hashkraft.com
page 252: seen=2277 kept=305 skipped=1451
  KEEP: Aarvin IT Edge Private Limited -> https://www.aarvinitedge.com
  KEEP: WORLDTEK INNOVATIONS PRIVATE LIMITED -> https://www.worldtek.in
  KEEP: YELLOW SLATE EDUCATION LLP -> https://yellowslate.com
  KEEP: INNOVIENT TECH SOLUTIONS PRIVATE LIMITED -> https://innovienttech.com
page 253: seen=2286 kept=309 skipped=1456
  KEEP: ELYOT IT SOLUTIONS PRIVATE LIMITED -> https://elyotitsolutions.com
  KEEP: Gamic Solutions -> http://gamicsolutions.com
  KEEP: HAMMU SOLUTIONS LLP -> https://hammusolutions.com
page 254: seen=2295 kept=312 skipped=1462
  KEEP: ALEHSA SOFTECH PRIVATE LIMITED -> https://www.alehsatech.com
page 255: seen=2304 kept=313 skipped=1469
  KEEP: KRYSTAA INFOSYSTEMS PRIVATE LIMITED -> https://www.krystaa.com
  KEEP: AURINKO IT SOLUTIONS PRIVATE LIMITED -> http://www.aurinkoitsolutions.com
page 256: seen=2313 kept=315 skipped=1476
  KEEP: GRAFTLY PRIVATE LIMITED -> https://www.graftly.in
  KEEP: SYNCPEDIA TECHNOLOGIES PRIVATE LIMITED -> https://www.syncpedia.in
  KEEP: ENSPIRIT TECHNOLOGY SERVICES PRIVATE LIMITED -> http://www.enspirit.co
page 257: seen=2322 kept=318 skipped=1482
page 258: seen=2331 kept=318 skipped=1491
  KEEP: MITRA VERIFY -> https://www.mitravisa.com
  KEEP: KYNEXUS GLOBAL TECHNOLOGIES PRIVATE LIMITED -> https://kynexusglobal.com
page 259: seen=2340 kept=320 skipped=1497
  KEEP: NAMYA IT SOLUTIONS LLP -> https://namyait.com
  KEEP: INFINI TECH SOFT LLP -> https://infinitechsoft.com
  KEEP: TEKISHO INFOTECH PRIVATE LIMITED -> http://www.tekisho.ai
page 260: seen=2349 kept=323 skipped=1502
  KEEP: QUANTOVA LLP -> https://quantova.in
  KEEP: MARTINET TECHNOLOGIES PRIVATE LIMITED -> https://martinettechnologies.com
  KEEP: VAYUBLUE PRIVATE LIMITED -> https://vayublue.com
  KEEP: LAPIS LAZULI SOFTWARE SOLUTIONS PRIVATE LIMITED -> http://www.lapistechnologies.in
page 261: seen=2358 kept=327 skipped=1506
  KEEP: RakshaQ Pvt Ltd -> https://www.rakshaq.com
  KEEP: WEBIDEAL SOFTWARE SOLUTIONS PRIVATE LIMITED -> https://webidealglobal.com
page 262: seen=2367 kept=329 skipped=1513
  KEEP: ORBITNEXA TECHNOLOGIES PRIVATE LIMITED -> https://www.orbitnexa.com
  KEEP: PROFICIENTNOW RECRUITMENT PRIVATE LIMITED -> http://www.proficientnow.com
page 263: seen=2373 kept=331 skipped=1517

Done. processed 2373, kept 331, total now 931
page 0: seen=9 kept=0 skipped=7
  KEEP: KIran -> https://www.drkirangastro.com
  KEEP: Activation Functions (P) Limited -> http://www.sparkactivation.com
  KEEP: STELLAR SOFTWARE TECHNOLOGIES PRIVATE LIMITED -> http://www.stellarinfo.com
  KEEP: VILS AIT -> https://vils.ai
page 1: seen=18 kept=4 skipped=12
  KEEP: Cohere support services -> https://www.coherehealth.com
  KEEP: AMI Technologies  -> http://www.amitekh.com
  KEEP: Vikas Choudhary -> http://www.vcassociates.co
  KEEP: HEDGELOOP TECHNOLOGIES PRIVATE LIMITED -> https://www.hedgeloop.com
page 2: seen=27 kept=8 skipped=17
  KEEP: SAI Solutions Pvt Ltd -> http://www.srisaiitsolutions.com
  KEEP: TRESM LABS PRIVATE LIMITED -> http://www.tresmlabs.com
  KEEP: Frontier Labs -> https://www.frontierconsultant.in
  KEEP: GENY MEDIUM LABS PRIVATE LIMITED -> https://genymedium.com
page 3: seen=36 kept=12 skipped=22
  KEEP: KALYANKAR ANALYTICS PRIVATE LIMITED -> https://kalyankaranalytics.com
page 4: seen=45 kept=13 skipped=30
  KEEP: COGNIER INSIGHTS PVT LTD -> https://www.cognierinsights.in
  KEEP: DEEPFORGE AI PRIVATE LIMITED -> http://deepforgeai.com
page 5: seen=54 kept=15 skipped=37
  KEEP: AIBRIDGE ML PRIVATE LIMITED -> http://aibridgeml.com
  KEEP: AIML  -> https://aiml-services.com
  KEEP: NUACEM AI PRIVATE LIMITED -> https://nuacem.com
page 6: seen=63 kept=18 skipped=43
  KEEP: PlugXR Reality Private Limited -> https://www.plugxr.com
  KEEP: SESAT SOLUTIONS PRIVATE LIMITED -> https://www.sesatsolutions.com
  KEEP: Focus Labs -> http://www.focusdiagnostics.in
  KEEP: Origin Cloud Technologies -> https://www.originhubs.com
page 7: seen=72 kept=22 skipped=48
  KEEP: HIREX.AI PRIVATE LIMITED -> https://www.hirex.ai
  KEEP: PROJECT YUGA (OPC) PRIVATE LIMITED -> https://www.shrisunyugaprojects.com
page 8: seen=81 kept=24 skipped=55
  KEEP: MVG INNOVATIONS PRIVATE LIMITED -> https://mvg-innovations.com
  KEEP: SMARTCOW AI TECHNOLOGIES PRIVATE LIMITED -> https://smartcow.ai
  KEEP: Ravikiran -> https://ravikiranplasticsurgery.com
page 9: seen=90 kept=27 skipped=61
  KEEP: Feednet Artificial Intelligence -> https://www.feednetsolution.com
  KEEP: ATAI LABS PRIVATE LIMITED -> https://www.atai.ai
  KEEP: SYBERZEN INFOSEC PRIVATE LIMITED -> http://www.syberzen.com
  KEEP: SOCIAL TEK AI&ML BUSINESS SOLUTIONS PRIVATE LIMITED -> http://socialtek.in
  KEEP: PROFIT BLOOM PRIVATE LIMITED -> http://www.profitbloom.net
page 10: seen=99 kept=32 skipped=65
  KEEP: Awone -> http://www.awone.ai
  KEEP: Awone Datasciences Private Limited -> http://www.awone.ai
  KEEP: Infinity  -> https://infinitylearn.com
page 11: seen=108 kept=35 skipped=71
page 12: seen=117 kept=35 skipped=80
  KEEP: Neural Labs Private Limited -> http://neuralindustrialautomation.com
  KEEP: Mindmap Digital Private Limited -> https://mindmapconsulting.com
  KEEP: HITECHWAYS CONSULTING SERVICES PRIVATE LIMITED -> https://techways.in
  KEEP: DeployH.ai Technologies Private Limited -> https://thestudentai.in
page 13: seen=126 kept=39 skipped=85
  KEEP: REDSECOPS CYBER INDIA PRIVATE LIMITED -> http://redsecops.dev
  KEEP: GVR Data Solutions -> http://www.dselearning.com
  KEEP: HUTAH TECHNOLOGIES PRIVATE LIMITED -> http://hutahai.com
page 14: seen=135 kept=42 skipped=91
  KEEP: Tars.Ai -> https://www.harfa.in
  KEEP: PHOEBUS AI SOLUTIONS PRIVATE LIMITED -> http://phoebusai.com
page 15: seen=144 kept=44 skipped=98
  KEEP: MUSQUARE TECHNOLOGIES PRIVATE LIMITED -> https://www.musquaretech.com
  KEEP: Ai Hawks Software Solutions Private Limited -> http://aihawkssoft.com
  KEEP: Grad Commerce Ai Services Private Limited -> https://www.gradcommerce.com
page 16: seen=153 kept=47 skipped=104
  KEEP: Planck -> http://planckdt.com
  KEEP: ALGOHIRE TECHNOLOGIES PRIVATE LIMITED -> https://algohire.ai
page 17: seen=162 kept=49 skipped=111
page 18: seen=171 kept=49 skipped=120
  KEEP: ZIGNA AI PRIVATE LIMITED -> https://www.zignaai.com
  KEEP: Smart Parking -> https://eparkingnext.com
  KEEP: AITOBI TECHNOLOGIES PRIVATE LIMITED -> https://aitobi.co
page 19: seen=180 kept=52 skipped=126
  KEEP: KwikML -> https://kwikml.com
page 20: seen=189 kept=53 skipped=134
page 21: seen=198 kept=53 skipped=143
  KEEP: NEXTBILLION. AI INDIA PRIVATE LIMITED -> http://nextbillion.ai
  KEEP: ENIXTA INNOVATIONS PRIVATE LIMITED -> http://www.enixta.com
  KEEP: Particle -> http://www.particlelaboratories.com
page 22: seen=207 kept=56 skipped=149
  KEEP: VIDHAATA STRATEGIES PRIVATE LIMITED -> https://vidhaata.co
  KEEP: IPHIPI TECHNOLOGIES PRIVATE LIMITED -> http://iphipi.com
page 23: seen=216 kept=58 skipped=156
  KEEP: Nexara -> https://www.nexarasoft.in
page 24: seen=225 kept=59 skipped=164
  KEEP: MIGHTYMONK TECHNOLOGIES PRIVATE LIMITED -> https://mightymonk.com
  KEEP: Techsharthi Consultancy Services India LLP -> http://techsharthi.com
page 25: seen=234 kept=61 skipped=171
  KEEP: SLASHNSAP TECHNOLOGIES PRIVATE LIMITED -> https://www.slashnsap.in
  KEEP: LITETHINK AI LLP -> https://app.litethink.ai
  KEEP: QUICK AI PRIVATE LIMITED -> https://quickai.in
page 26: seen=243 kept=64 skipped=177
  KEEP: TGVC TECHNOLOGIES LLP -> https://tgvctechnologies.in
  KEEP: NEXUSIQ SOLUTIONS LLP -> https://nexusiqsolutions.com
page 27: seen=252 kept=66 skipped=184
  KEEP: Vipas.AI -> https://www.vipas.ai
  KEEP: KALYAN SOFTWARE SOLUTIONS PRIVATE LIMITED -> http://www.thekalyangroup.com
page 28: seen=261 kept=68 skipped=191
  KEEP: Zigna AI Pvt Ltd -> https://www.zignaai.com
  KEEP: Amicus -> http://drvpareek.com
page 29: seen=270 kept=70 skipped=198
  KEEP: TensorGo Software Private Limited -> http://www.tensorgo.com
  KEEP: VAI -> http://www.vaira.co.in
page 30: seen=279 kept=72 skipped=205
  KEEP: HOMEYHUTS PRIVATE LIMITED -> https://homeyhuts.com
  KEEP: DOTBOTICS PRIVATE LIMITED -> https://dotbotics.io
  KEEP: STARK.AI -> https://stark.ai
page 31: seen=288 kept=75 skipped=210
  KEEP: APEX AI TECHNOLOGIES LLP -> https://www.apexaiindia.com
page 32: seen=297 kept=76 skipped=218
  KEEP: SYNCHRONI GLOBAL IT SOLUTIONS PRIVATE LIMITED -> https://synchroni.ai
  KEEP: PHOQTEK LABS PRIVATE LIMITED -> https://phoqtek.ai
page 33: seen=306 kept=78 skipped=225
  KEEP: CONEIO PRIVATE LIMITED -> https://www.coneio.com
page 34: seen=315 kept=79 skipped=233
  KEEP: GO SMART FINTOOLS PRIVATE LIMITED -> http://www.gosmartautomation.in
  KEEP: JIVICA AI PRIVATE LIMITED -> https://jivica.ai
page 35: seen=324 kept=81 skipped=240
  KEEP: DATAEKO.AI TECHNOLOGIES PRIVATE LIMITED -> https://www.dataeko.ai
  KEEP: ACHARYA.AI LLP -> https://www.acharya.ai
  KEEP: Devorks Solutions Pvt Ltd  -> http://devorks.com
  KEEP: IBEE SOLUTIONS PRIVATE LIMITED -> https://www.ibeehosting.com
  KEEP: KONAX TECHNOLOGIES PRIVATE LIMITED -> https://konaxtechnologies.com
page 36: seen=333 kept=86 skipped=244
  KEEP: YAKSHANEXUS PRIVATE LIMITED -> https://yakshanexus.com
  KEEP: HYTOMA AUTOMATION LLP -> https://www.hytoma.com
page 37: seen=342 kept=88 skipped=251
  KEEP: MARSMATE BUSINESS INTELLIGENCE PRIVATE LIMITED -> https://www.marsmateai.com
  KEEP: QUANTANA PRIVATE LIMITED -> https://quantana.com.au
  KEEP: Xpert Inc -> http://www.xpertifm.com
page 38: seen=351 kept=91 skipped=257
  KEEP: LORVEN AI MEDIAVISION LLP -> http://lorvensstudios.com
  KEEP: AISCIPRO INDIA PRIVATE LIMITED -> http://www.aiscipro.com
  KEEP: INSIGTEYE AI TECHNOLOGIES PRIVATE LIMITED -> https://insigteye.ai
page 39: seen=360 kept=94 skipped=263
  KEEP: ALQON INNOVATIONS PRIVATE LIMITED -> https://www.alqon.in
  KEEP: ZYSEC AI PRIVATE LIMITED -> http://www.zysec.ai
page 40: seen=369 kept=96 skipped=270
page 41: seen=378 kept=96 skipped=279
  KEEP: Sodhana AI Private Limited -> http://www.sodhana.ai
  KEEP: Rta Forge -> https://forgebreuhous.com
page 42: seen=387 kept=98 skipped=286
  KEEP: GEOSRI INNOVATIONS PRIVATE LIMITED -> https://geosriinnovations.com
  KEEP: RUPEE BOTS TECH SERVICES PRIVATE LIMITED -> http://www.rupeetechnology.com
  KEEP: FUSIONEVALX PRIVATE LIMITED -> https://www.fusionevalx.ai
  KEEP: DIGIEDZE SOFT SOLUTIONS PRIVATE LIMITED -> https://www.digiedze.com
page 43: seen=396 kept=102 skipped=291
  KEEP: CONVEY LABS LLP -> http://www.conveytechlabs.com
  KEEP: REPSOFT TECHNOLOGIES PRIVATE LIMITED -> https://repsoftglobal.com
  KEEP: DHEYO AI PRIVATE LIMITED -> https://dheyo.ai
page 44: seen=405 kept=105 skipped=297
  KEEP: LITX BIZ SOLUTIONS PRIVATE LIMITED -> https://litxbs.com
  KEEP: STEPUPMARK MARKETING INNOVATIONS PRIVATE LIMITED -> https://stepupmark.com
  KEEP: VINDAGO INNOVATIONS LLP -> http://www.vindago.in
page 45: seen=414 kept=108 skipped=303
  KEEP: SNESTRON SYSTEMS PRIVATE LIMITED -> https://www.snestronsystems.com
page 46: seen=423 kept=109 skipped=311
  KEEP: CEREVYN SOLUTIONS PRIVATE LIMITED -> https://cerevyn.com
  KEEP: Mirror  -> https://www.mirrorsluxurysalons.com
page 47: seen=432 kept=111 skipped=318
  KEEP: INNODATATICS SOLUTIONS PRIVATE LIMITED -> https://innodatatics.ai
page 48: seen=441 kept=112 skipped=326
  KEEP: VYVA IT SOLUTIONS PRIVATE LIMITED -> https://vyva.ca
  KEEP: Solvi Tecno LLP -> http://solvitek.com
page 49: seen=450 kept=114 skipped=333
  KEEP: ENVISAGE INTEGRATED SOLUTIONS PRIVATE LIMITED -> https://envisageis.in
  KEEP: TARSLAB TECHNOLOGIES PRIVATE LIMITED -> http://tarslab.in
page 50: seen=459 kept=116 skipped=340
  KEEP: ZENERATIVE MINDS PRIVATE LIMITED -> http://zenerativeminds.com
  KEEP: ESOLUTIONSFIRST SERVICES PRIVATE LIMITED -> http://esolutionsfirst.com
  KEEP: SYSTEMAOPS TECHNOLOGIES PRIVATE LIMITED -> https://www.systemaops.com
page 51: seen=468 kept=119 skipped=346
  KEEP: DHRUVAAI TECHNOLOGIES PRIVATE LIMITED -> https://dhruvaai.com
page 52: seen=477 kept=120 skipped=354
  KEEP: ANUSHA BAZAAR TECHNOLOGIES PRIVATE LIMITED -> http://anushatechnologies.com
  KEEP: SHIFTSPHERE TECHNOLOGIES PRIVATE LIMITED -> https://www.shiftspheretechnologies.com
  KEEP: NIRVISTA ARTIFICIAL INTELLIGENCE PRIVATE LIMITED -> https://nirvistagroup.com
page 53: seen=486 kept=123 skipped=360
  KEEP: DIGIKNOTS CLOUD X SERVICES PRIVATE LIMITED -> http://www.digiknots.com
  KEEP: Logic & Litera Consulting LLP -> https://applogicconsulting.com
page 54: seen=495 kept=125 skipped=367
  KEEP: ARION DIGITAL SOLUTIONS PRIVATE LIMITED -> https://www.techarion.com
  KEEP: MIND MERGE SOFT TECH PRIVATE LIMITED -> https://www.mmstinfo.com
  KEEP: JARVIS.AI -> https://jarvisbusiness.io
page 55: seen=504 kept=128 skipped=373
  KEEP: DIRMACS PRIVATE LIMITED -> https://dirmacs.com
page 56: seen=513 kept=129 skipped=381
page 57: seen=522 kept=129 skipped=390
  KEEP: LAKKSHIONS IT PRIVATE LIMITED -> http://www.lakkshionsit.com
  KEEP: BRIGHTCOM DEFENCE PRIVATE LIMITED -> http://brightcomgroup.com
  KEEP: ARQ AI LABS PRIVATE LIMITED -> https://ailabs.in
page 58: seen=531 kept=132 skipped=396
  KEEP: WEBPIPL SOLUTIONS PRIVATE LIMITED -> http://www.webpipl.com
  KEEP: DATALINK ANALYTICS PRIVATE LIMITED -> https://datalinksoftware.com
  KEEP: VILS AIT PRIVATE LIMITED -> https://vils.ai
  KEEP: TECHOPTIMA PRIVATE LIMITED -> http://techoptima.ai
page 59: seen=540 kept=136 skipped=401
  KEEP: HIRINGEYE SOLUTIONS PRIVATE LIMITED -> https://www.hiringeye.com
  KEEP: XAIOS SOLUTIONS (OPC) PRIVATE LIMITED -> https://www.xaioss.com
  KEEP: VIHAANG AI GLOBAL SERVICES PRIVATE LIMITED -> https://www.vihaangai.com
page 60: seen=549 kept=139 skipped=407
  KEEP: Sparro.ai -> http://www.sparrow.net.in
  KEEP: HYPR4 CLOUD TECH PRIVATE LIMITED -> http://hypr4.io
  KEEP: Berenike & Bion Technologies Pvt Ltd -> http://www.berenikebion.com
  KEEP: ACCELERIZE INDIA (AI) PRIVATE LIMITED -> https://www.accelerize360.com
page 61: seen=558 kept=143 skipped=412
  KEEP: SmartLogix Ai -> https://smartlogixai.com
  KEEP: VARDAAN DATA SCIENCES PRIVATE LIMITED -> https://www.vardaanglobal.com
page 62: seen=567 kept=145 skipped=419
  KEEP: BYCINC TECHNOLOGIES PRIVATE LIMITED -> https://www.buildyourcode.in
  KEEP: COMEXIM SYNERGY LLP -> https://comexim.in
  KEEP: INCRIVELSOFT PRIVATE LIMITED -> https://incrivelsoft.com
page 63: seen=576 kept=148 skipped=425
page 64: seen=585 kept=148 skipped=434
  KEEP: NARADA STUDIOS PRIVATE LIMITED -> https://www.naradaaisage.com
page 65: seen=594 kept=149 skipped=441
  KEEP: INNOIRA CONSULTING SERVICES PRIVATE LIMITED -> https://innoira.com
page 66: seen=603 kept=150 skipped=449
  KEEP: ACINTYO GARUDA ROBOTICS PRIVATE LIMITED -> https://acintyotech.ai
  KEEP: RESHAPP SOFTWARE SOLUTIONS PRIVATE LIMITED -> https://www.reshappsoftware.com
page 67: seen=612 kept=152 skipped=456
  KEEP: Gnosis -> http://www.gnosisvvp.com
page 68: seen=621 kept=153 skipped=464
  KEEP: GOEDEL MACHINES PRIVATE LIMITED -> https://www.goedelmachines.com
  KEEP: ORCALEX TECHNOLOGIES LLP -> https://www.orcalex.ai
  KEEP: DATA VISION AI -> https://www.datavisionai.in
page 69: seen=630 kept=156 skipped=469
  KEEP: AIDEN AI PRIVATE LIMITED -> https://www.aidenai.com
page 70: seen=639 kept=157 skipped=477
  KEEP: Tuning Engines -> https://www.code6hyderabad.com
page 71: seen=641 kept=158 skipped=478

Done. processed 641, kept 158, total now 1089
  KEEP: GRAND FXNES BUSINESS SERVICES PRIVATE LIMITED -> http://www.grandsuppliers.com
page 0: seen=9 kept=1 skipped=8
  KEEP: ZAGG Protocol -> https://www.zaggle.in
  KEEP: STAR POWERZ DIGITAL TECHNOLOGIES PRIVATELIMITED -> http://starpowerzdigiloans.com
  KEEP: CreditVidya -> https://marketplace.creditvidya.com
page 1: seen=18 kept=4 skipped=14
  KEEP: Credex Finsol Pvt Ltd -> https://credex.in
  KEEP: HEXADOTS TECHNOLOGIES PRIVATE LIMITED -> http://hexadots.in
  KEEP: PENNANT FIN SERVICES PRIVATE LIMITED -> http://www.pennanttech.com
page 2: seen=27 kept=7 skipped=19
page 3: seen=36 kept=7 skipped=28
  KEEP: Finoramic -> http://finoramic.com
  KEEP: SAFE ANALYTICS PRIVATE LIMITED -> http://activeportfolioservice.com
  KEEP: FINTECH PRODUCTS AND SOLUTIONS (INDIA) PRIVATE LIMITED -> http://onemoney.in
page 4: seen=45 kept=10 skipped=34
  KEEP: IBG ECHITS INDIA PRIVATE LIMITED -> https://www.ibgechits.com
  KEEP: Vivifi India Finance Pvt Ltd -> https://www.vivifin.com
  KEEP: TENSOR FIELDS CONSULTANCY SERVICES PRIVATE LIMITED -> http://www.tensorgo.com
  KEEP: Zobaze iLedger -> https://zobaze.com
page 5: seen=54 kept=14 skipped=39
  KEEP: Flyboat Startups and Innovations -> http://flyboat.in
  KEEP: USRPAY -> http://www.usrpay.in
  KEEP: LLAYAKARE GROUP PRIVATE LIMITED -> http://www.llayakare.com
page 6: seen=63 kept=17 skipped=45
  KEEP: ETHIKA INSURANCE BROKING PRIVATE LIMITED -> https://www.ethika.co.in
page 7: seen=72 kept=18 skipped=53
  KEEP: Flush Door -> http://www.flushdoorsmanufacturers.in
  KEEP: FINCSQUARE FINTECH PRIVATE LIMITED -> https://www.fincsquare.com
  KEEP: Paisa -> https://www.paisaexpress.co.in
  KEEP: PWCTECH TECHNOLOGIES PRIVATE LIMITED -> https://mytra.money
page 8: seen=81 kept=22 skipped=58
  KEEP: murali venkat -> http://www.mvca.in
page 9: seen=90 kept=23 skipped=66
  KEEP: SoHo Ventures -> http://sohoventures.in
  KEEP: MAKSPAY FINTECH SOLUTIONS PRIVATE LIMITED -> http://makspay.com
  KEEP: lastmin advisors private limited -> http://www.lastminadvisors.com
page 10: seen=99 kept=26 skipped=72
  KEEP: BEYOND REFUND LLP -> http://www.beyondrefund.com
  KEEP: ZikZuk Technologies Pvt. Ltd. -> https://www.zikzuk.com
  KEEP: FINTORE INDIA LLP -> https://www.fintore.com
page 11: seen=108 kept=29 skipped=78
  KEEP: FINTECH FILINGS PRIVATE LIMITED -> http://fintechfilings.com
  KEEP: Invest -> https://hyderabadangels.in
page 12: seen=117 kept=31 skipped=85
  KEEP: Supernal Infotech Private Limited -> https://www.supernal-it.com
page 13: seen=126 kept=32 skipped=93
  KEEP: MODUS BUSINESS CONSULTING PRIVATE LIMITED -> https://www.modusgroup.in
  KEEP: ZYENAC SOLUTIONS PRIVATE LIMITED -> http://www.zyenac.com
  KEEP: RUPID TECHNOLOGY LABS PRIVATE LIMITED -> https://rupid.in
  KEEP: Legitimate kpo services LLP -> http://www.legitimatekpo.com
page 14: seen=135 kept=36 skipped=98
page 15: seen=144 kept=36 skipped=107
  KEEP: Pramsuh Chit Funds Private Limited -> http://pramsuhchits.com
  KEEP: WORLDTEK  -> https://www.worldtek.in
  KEEP: AGARWAL WEALTH E-MANAGEMENT PRIVATE LIMITED -> http://camsagarwal.com
page 16: seen=153 kept=39 skipped=113
page 17: seen=162 kept=39 skipped=122
  KEEP: Purpleplum Digital Solutions -> https://purpleplumfi.com
  KEEP: MSPR INFRASTRUCTURE INDIA PRIVATE LIMITED -> https://www.mspr.co.in
page 18: seen=171 kept=41 skipped=129
page 19: seen=180 kept=41 skipped=138
  KEEP: Payinstacard Private Limited -> https://payinstacard.com
page 20: seen=189 kept=42 skipped=146
  KEEP: PROKIZEN GLOBAL LLP -> https://prokizen.com
page 21: seen=198 kept=43 skipped=154
  KEEP: Vikazana Pvt Ltd -> http://vikazana.com
page 22: seen=207 kept=44 skipped=162
  KEEP: EESHAAN FINTECH SERVICES PRIVATE LIMITED -> http://www.eeshaan.biz
  KEEP: AMAZE INSURANCE BROKERS PRIVATE LIMITED -> http://www.amazeinsurancebrokers.com
  KEEP: POLLUX TECH INNOVATIONS PRIVATE LIMITED -> https://www.polluxx.co
  KEEP: The Bower Company  -> https://bowerschool.com
page 23: seen=216 kept=48 skipped=167
  KEEP: FINAKON TECHNOLOGIES PRIVATE LIMITED -> http://www.finakon.in
  KEEP: BLC ERP CONSULTANCY LLP -> https://www.blcconsultancy.co
page 24: seen=225 kept=50 skipped=174
  KEEP: TROVITY INSURETECH INSURANCE BROKING SERVICES PRIVATE LIMITED -> http://trovity.com
  KEEP: Moneylinks Solutions Private Limited -> http://moneylinks.in
  KEEP: WEALTH CENTRIC ADVISORS (OPC) PRIVATE LIMITED -> http://www.thewealthcentric.com
page 25: seen=234 kept=53 skipped=180
  KEEP: FINANCE BOX PRIVATE LIMITED -> https://financebox.in
  KEEP: WeMakeScholars -> http://www.wemakescholars.com
  KEEP: TYRO FINANCIAL SOLUTIONS -> http://tyrodigital.com
  KEEP: GTM AND SONS ADVISORY PRIVATE LIMITED -> http://gtmandsons.com
page 26: seen=243 kept=57 skipped=185
  KEEP: PAYAID PAYMENTS PRIVATE LIMITED -> https://payaidpayments.com
  KEEP: PayG -> https://payg.in
page 27: seen=252 kept=59 skipped=192
  KEEP: Jocata Financial Advisory and Technology Services Private Limited -> https://www.jocata.com
  KEEP: CATNOVA SYSTEMS PRIVATE LIMITED -> https://catnovasystems.com
  KEEP: Mudra Vyapar Suvidha Kendra -> http://mudramoney.in
  KEEP: HASMAN HOLDINGS PRIVATE LIMITED -> https://hasmansoft.com
  KEEP: SARVA -> http://sarvafoods.in
page 28: seen=261 kept=64 skipped=196
  KEEP: Ecofin Services India Pvt Ltd -> https://www.ecofinservices.com
  KEEP: UNI-CHROME SOLUTIONS PRIVATE LIMITED -> http://unichromesolutions.com
  KEEP: LS RIGHT AGENT SERVICES (OPC) PRIVATE LIMITED -> http://www.rightagentgroup.com
  KEEP: MEDIVACARE PHARMAWIZE PRIVATE LIMITED -> http://www.pharmacyaudit.in
page 29: seen=270 kept=68 skipped=201
  KEEP: Chartered One Softec Private Limited -> https://charteredone.com
page 30: seen=279 kept=69 skipped=209
  KEEP: NAIDU SOFTWARE TECHNOLOGIES PRIVATE LIMITED -> http://paymamaapp.in
page 31: seen=288 kept=70 skipped=217
  KEEP: Finsol Connect Private Limited -> http://finsoltech.com
  KEEP: GOLDNOON FINTECH PRIVATE LIMITED -> http://goldnoon.in
  KEEP: ADVIZIN PRIVATE LIMITED -> http://advizin.in
page 32: seen=297 kept=73 skipped=223
  KEEP: Boost -> https://bootboost.in
  KEEP: VIRTUALCA SERVICES PRIVATE LIMITED -> https://virtualca.in
  KEEP: PAYMAN FINTECH SOLUTIONS PRIVATE LIMITED -> http://paymanfintech.in
page 33: seen=306 kept=76 skipped=229
  KEEP: 2 PLUS FORTUNE ALLIANCES PRIVATE LIMITED -> http://2plusfortunealliances.com
  KEEP: Gayatri -> http://www.gayatri.co.in
  KEEP: ANSE Bharath Broking Private Limited -> http://nsebharath.com
page 34: seen=315 kept=79 skipped=235
  KEEP: RUPEE QUICKER TECHNOLOGIES PRIVATE LIMITED -> https://rupeecreditfinserv.com
  KEEP: VIYONA FINTECH INDIA PRIVATE LIMITED -> https://viyona.com
  KEEP: SVK FINTAX SOLUTIONS LLP -> https://www.svkfintax.in
page 35: seen=324 kept=82 skipped=241
  KEEP: AUDITEDGE TECHNOLOGIES PRIVATE LIMITED -> https://auditedge.in
  KEEP: SHARIAH SECURITIES PRIVATE LIMITED -> http://www.shariahsecurities.com
  KEEP: RITZZPAY SERVICES LLP -> https://ritzzpay.com
  KEEP: VG EXPERT TAX ADVISORS LLP -> https://vgtaxadvisors.com
page 36: seen=333 kept=86 skipped=246
  KEEP: Apna Policy Insurance Brokers Pvt Ltd -> https://apnapolicy.co.in
  KEEP: Loop Fintech -> http://deeploop.tech
  KEEP: INCEPTION HUB PRIVATE LIMITED -> http://inceptionhub.in
page 37: seen=342 kept=89 skipped=252
  KEEP: Astra Varaahi Consulting Private Limited -> http://www.astraviseservices.com
page 38: seen=351 kept=90 skipped=260
  KEEP: TRUEMARK ACADEMY & ADVISORY SERVICES LLP -> https://www.truemarkadvisoryservices.com
page 39: seen=360 kept=91 skipped=268
  KEEP: AXIOS LEARNING AND CONSULTANCY SERVICES LLP -> http://www.axiosonline.com
  KEEP: DHANVITA FINTECH PRIVATE LIMITED -> https://dhanvita.com
page 40: seen=369 kept=93 skipped=275
page 41: seen=378 kept=93 skipped=284
  KEEP: REVIVE CORPORATE ADVISORS LLP -> https://www.taxrevive.com
  KEEP: VR ASSOCIATES LLP -> https://www.vrassociates.org.in
  KEEP: LMV INSURANCE BROKING SERVICES PVT LTD -> http://www.lmvinsurancebroking.com
page 42: seen=387 kept=96 skipped=290
  KEEP: 7 HILLS FINTECH PRIVATE LIMITED -> http://www.7hillsfintech.com
  KEEP: SAMAVEDA CAPITAL -> http://www.samavedadevelopers.com
page 43: seen=396 kept=98 skipped=297
  KEEP: TOP OF THE WORLD PRIVATE LIMITED -> http://www.theworldjh.com
page 44: seen=405 kept=99 skipped=305
  KEEP: KUBERAN PAY SOFTWARE PRIVATE LIMITED -> https://kuberanpay.com
  KEEP: ONGOLEBULLS INVEST PRIVATE LIMITED -> https://www.ongolebullsinvest.com
page 45: seen=414 kept=101 skipped=312
  KEEP: PAISA AGENT TECHNOLOGIES PRIVATE LIMITED -> https://www.paisaexpress.co.in
  KEEP: VERTOFI PRIVATE LIMITED -> http://www.vertofi.com
  KEEP: Upsure ( Jiva Business Ventures Private Limited) -> http://www.upsure.io
page 46: seen=423 kept=104 skipped=318
  KEEP: Smot -> https://smotpro.in
  KEEP: SP FIN SERVICES PRIVATE LIMITED -> http://www.spfinserv.com
  KEEP: DECCAN PEAKS PRIVATE LIMITED -> http://www.deccantrails.com
page 47: seen=432 kept=107 skipped=324

Done. processed 432, kept 107, total now 1196
