page 0: seen=9 kept=0 skipped=5
page 1: seen=18 kept=0 skipped=10
page 2: seen=27 kept=0 skipped=17
page 3: seen=36 kept=0 skipped=22
page 4: seen=45 kept=0 skipped=30
page 5: seen=54 kept=0 skipped=35
page 6: seen=63 kept=0 skipped=42
page 7: seen=72 kept=0 skipped=50
page 8: seen=81 kept=0 skipped=57
page 9: seen=90 kept=0 skipped=63
page 10: seen=99 kept=0 skipped=66
page 11: seen=108 kept=0 skipped=72
page 12: seen=117 kept=0 skipped=78
page 13: seen=126 kept=0 skipped=87
page 14: seen=135 kept=0 skipped=93
page 15: seen=144 kept=0 skipped=99
page 16: seen=153 kept=0 skipped=106
page 17: seen=162 kept=0 skipped=112
page 18: seen=171 kept=0 skipped=116
page 19: seen=180 kept=0 skipped=123
page 20: seen=189 kept=0 skipped=129
page 21: seen=198 kept=0 skipped=135
page 22: seen=207 kept=0 skipped=140
page 23: seen=216 kept=0 skipped=148
page 24: seen=225 kept=0 skipped=155
  KEEP: iSpatial Techno Solutions -> http://www.ispatialtec.com
  KEEP: CALICO INFOSYSTEMS PVT. LTD -> http://finbook.travel
  KEEP: glouniTech -> https://glounitech.com
  KEEP: PIPRA SOLUTIONS PRIVATE LIMITED -> https://pipra.solutions
page 25: seen=234 kept=4 skipped=159
  KEEP: Minovative Technologies Private Limited -> http://www.minovative.com
  KEEP: Zebi Data India Pvt Ltd -> http://zebi.co
  KEEP: Montaigne Smart Business Solutions -> https://www.montaigne.co
  KEEP: ravi teja -> https://t.me
  KEEP: Vencertec -> http://www.vencertec.com
  KEEP: MOBILUTION IT SYSTEMS PRIVATE LIMITED -> http://www.mobilutionit.com
page 26: seen=243 kept=10 skipped=162
  KEEP: PENCAP TECHNOLOGIES PRIVATE LIMITED -> https://www.pencaptech.com
  KEEP: INTELLOBOTS TECHNOLOGIES PRIVATE LIMITED -> http://intellobots.com
  KEEP: SIYANDA TECHLOGICS PRIVATE LIMITED -> https://siyanda-techlogics-pvt-ltd.ueniweb.com
  KEEP: posvallo technologies private limited -> https://www.posvallo.com
page 27: seen=252 kept=14 skipped=167
  KEEP: SanBrains Era Technologies -> https://www.sanbrains.agency
  KEEP: PYTHUS INFO PRIVATE LIMITED -> http://www.pythonizr.com
  KEEP: ASMAN SOFTWARE SOLUTIONS PRIVATE LIMITED -> http://www.asmansoft.com
page 28: seen=261 kept=17 skipped=173
  KEEP: ADRIOT CADENATECH PRIVATE LIMITED -> http://adriott.com
  KEEP: Metapointer Labs Private Limited -> https://metapointer.com
page 29: seen=270 kept=19 skipped=180
  KEEP: ENAAYAH SOFTWARE DEVELOPMENT AND SERVICES PRIVATE LIMITED -> http://www.enaayah.com
  KEEP: Hierarch Soft Technologies Pvt Ltd -> http://www.hierarchsoft.com
  KEEP: InnoMick Technology Pvt Ltd -> https://www.innomicktechnologies.com
  KEEP: KDR SOFT SOLUTIONS PRIVATE LIMITED -> https://kdrsoftsolutions.com
page 30: seen=279 kept=23 skipped=185
  KEEP: ENTERSOFT INFORMATION SYSTEMS PRIVATE LIMITED -> https://entersoftsecurity.com
  KEEP: RED MATTER SOFTWARE TECHNOLOGY PRIVATE LIMITED -> https://www.redmatter.in
  KEEP: Sreeal Technologies Pvt Ltd  -> http://www.sreeal.com
page 31: seen=288 kept=26 skipped=191
  KEEP: NAVIKARANA IT SOLUTIONS -> https://www.navikaranait.com
  KEEP: ICONWAVE TECHNOLOGIES PVT LTD -> https://www.iconwavetech.com
  KEEP: KoderTroop -> https://kodertroop.com
page 32: seen=297 kept=29 skipped=197
  KEEP: GeoVista Technologies Private Limited -> http://geovista.in
  KEEP: pragnya consulting & Services -> https://taxall.in
  KEEP: BARELOGIC SOLUTIONS PRIVATE LIMITED -> http://barelogics.com
  KEEP: XTREME ICT PRIVATE LIMITED -> https://xtremeict.com
page 33: seen=306 kept=33 skipped=202
  KEEP: WebileApps (India) Private Limited -> http://www.teamwa.com
  KEEP: THINK TANKERS INNOVATIVE SOLUTIONS PRIVATE LIMITED -> https://www.thethinktankers.in
  KEEP: Evolgence Telecom Systems Pvt Ltd -> http://www.evolgence.com
  KEEP: SRIJAY TECHINSIGHTS PRIVATE LIMITED -> http://www.srijaytech.com
page 34: seen=315 kept=37 skipped=207
  KEEP: UNIC SOL INDIA PRIVATE LIMITED -> http://unicsol.com
  KEEP: BSIT Software Services Private Limited -> http://www.bsitsoftware.com
  KEEP: RECHLINKS PRIVATE LIMITED -> http://rechlinks.com
  KEEP: SPARGON TECHNOLOGIES PRIVATE LIMITED -> https://spargon.net
  KEEP: NETWORK OBJECTS TECHNOLOGIES PRIVATE LIMITED -> http://www.networkobjects.com
page 35: seen=324 kept=42 skipped=211
  KEEP: NEIGHBIUM TECHNOLOGIES PRIVATE LIMITED -> https://www.neighbium.com
  KEEP: Winzy App -> http://winzy.in
  KEEP: LIONIZE TECHNOLOGIES PRIVATE LIMITED -> http://lionizetech.com
  KEEP: SHRI SHAKTI OPSTECH PRIVATE LIMITED -> https://www.opstech.in
page 36: seen=333 kept=46 skipped=216
  KEEP: CARPEDIEM TECHNOLOGY SYSTEMS PRIVATE LIMITED -> https://living.carpediemgroup.in
  KEEP: BeyondTech IT Solutions -> http://beyondtech.club
  KEEP: Theama Technologies LLP -> http://www.theamatech.com
  KEEP: NOWFLOATS TECHNOLOGIES PRIVATE LIMITED -> https://www.nowfloats.com
  KEEP: SUCCESS METRIC PRIVATE LIMITED -> https://www.successmetric.in
page 37: seen=342 kept=51 skipped=220
  KEEP: INVILOGIC SOFTWARE PVT LTD -> https://www.invilogic.com
page 38: seen=351 kept=52 skipped=227
  KEEP: PCS TEKSERVE -> http://www.tekserve.in
page 39: seen=360 kept=53 skipped=235
  KEEP: AIENTASAR SOFTWARE SOLUTIONS PRIVATE LIMITED -> http://www.aientasar.com
  KEEP: NECUN INNOVATIONS PRIVATE LIMITED -> http://www.necun.in
  KEEP: LETSMOBILITY SOFTWARE SOLUTIONS PRIVATE LIMITED -> http://letsmobility.com
page 40: seen=369 kept=56 skipped=241
  KEEP: CHRP-INDIA Pvt. Ltd. -> https://www.chrp-india.com
  KEEP: ERASMUS TRAINING SERVICES PRIVATE LIMITED -> http://erasmus.co.in
  KEEP: CLOUDSOLV SOFTWARE SOLUTIONS PRIVATE LIMITED -> https://cloudsolv.in
  KEEP: REAL VARIABLE DIGITAL ASSETSERVICES PRIVATE LIMITED -> https://www.realvariable.com
  KEEP: AMTECH -> http://www.amtechitsolutions.com
page 41: seen=378 kept=61 skipped=245
  KEEP: SQUARE SOFTWARE LABS -> http://dsquarelabs.com
  KEEP: TEKOPT -> http://tekopt.com
  KEEP: PRODUCERS ONLINE (INDIA) PRIVATE LIMITED -> http://atfpg.com
  KEEP: Indian Speakers Bureau -> http://www.indianspeakerbureau.com
  KEEP: EVENTEX TECHNOLOGIES PRIVATE LIMITED -> https://eventex-technologies-pvt-ltd.ueniweb.com
page 42: seen=387 kept=66 skipped=249
  KEEP: BEAVERSIN TECHNOLOGY PRIVATE LIMITED -> https://www.beaversin.com
  KEEP: StampIT Business Solutions LLP -> http://www.stampitbiz.com
  KEEP: LIGHTNING INSIGHTS PRIVATE LIMITED -> https://www.birdanalytics.ai
page 43: seen=396 kept=69 skipped=255
  KEEP: VixSpace India Pvt Ltd -> http://vixspace.com
  KEEP: Coresonant Systems Pvt Ltd. -> http://iot.coresonant.com
  KEEP: Corpus Insights -> http://www.thecorpusgroup.com
  KEEP: PVK SOFT SOLUTIONS PVT LTD -> http://www.phksofttech.com
page 44: seen=405 kept=73 skipped=260
  KEEP: Neobric -> http://neobric.com
  KEEP: CHERISH CONSULTING AND SOFTWARE SERVICESPRIVATE LIMITED -> http://cherish-css.com
  KEEP: AVANTECH WEB GRID PRIVATE LIMITED -> https://webgrid.in
  KEEP: VUPADHI TECHNO SERVICES PRIVATE LIMITED -> https://www.vupadhi.com
page 45: seen=414 kept=77 skipped=265
  KEEP: S INFINITY SOLUTIONS  -> https://infinityservicesolutionss.com
page 46: seen=423 kept=78 skipped=273
  KEEP: Winzy -> http://winzy.in
  KEEP: QUBE ENTERPRISES SERVICES -> http://qube.in
  KEEP: PONAGANTI TECH SOLUTIONS PRIVATE LIMITED -> https://ponagantitech.com
  KEEP: TECHBHP SOLUTIONS AND SERVICES LLP -> https://www.techbhp.com
page 47: seen=432 kept=82 skipped=278
  KEEP: Vectorform Software Private Limited -> https://www.vectorform.com
  KEEP: Ramesh -> https://rameshlasikcentre.com
  KEEP: JOBIAK SOFTWARE PRIVATE LIMITED -> http://www.jobiak.ai
  KEEP: PERENNIAL CODE IT CONSULTANTS PRIVATE LIMITED -> https://perennialcode.in
  KEEP: Gummalla Technologies -> https://gummallatechnologies.com
  KEEP: TRIZULA DIGITAL SOLUTIONS PRIVATE LIMITED -> http://www.techtds.com
  KEEP: VARMA TECH SERVICES PRIVATE LIMITED -> https://varmaonlineservices.com
page 48: seen=441 kept=89 skipped=280
  KEEP: AAJUBAAJU ECLASSIFIEDS PRIVATE LIMITED -> https://www.aajubaaju.in
  KEEP: OPENSPACE INNOVATES LLP -> https://www.openspaceinnovates.com
page 49: seen=450 kept=91 skipped=287
  KEEP: Vamshi Krishna -> https://aighospitals.com
  KEEP: IVAR INFOSYSTEMS PRIVATE LIMITED -> https://www.ivarinfosystems.com
  KEEP: Kiran Kumar Yellampalli -> https://kirankantayapalem.com
  KEEP: CLOUDTARU INFOTECH PRIVATE LIMITED -> http://cloudtaru.com
  KEEP: DIGITOZE CONSULTING SERVICES LLP -> https://www.digitoze.com
page 50: seen=459 kept=96 skipped=291
  KEEP: SANAARI Software Solutions Pvt. Ltd -> https://www.sanaari.net
  KEEP: Wisdom IT Services -> http://wisdomoverseas.com
  KEEP: Intromax Business Solutions -> http://intromax.co.in
  KEEP: Rainier Softech Solutions Private Limited -> http://rainiersoft.com
page 51: seen=468 kept=100 skipped=296
  KEEP: IAMEM IT CONSULTING -> http://iamemglobal.com
  KEEP: IKVOX SOFTWARE PRIVATE LIMITED -> http://ikvoxsoftware.com
  KEEP: Matrix Engineering and Technologies -> http://www.matrixcse.com
  KEEP: TECH DEBUG TECHNOLOGIES PRIVATE LIMITED  -> https://techdebug.in
page 52: seen=477 kept=104 skipped=301
  KEEP: Cloud Front Factory -> https://cloudfrontfactory.com
  KEEP: Antler Technologies -> http://antlerit.com
  KEEP: Scale Business Services Private Limited -> http://www.scaleoxperts.com
  KEEP: CINCYR TECH PRIVATE LIMITED  -> http://cincyrtech.com
  KEEP: VASKA TECHNOLOGIES -> http://www.vaska.in
page 53: seen=486 kept=109 skipped=305
  KEEP: LSATECH Private Limited -> https://www.lsagroups.com
  KEEP: SVS TECHNOLOGIES -> http://www.svstechnologies.net
page 54: seen=495 kept=111 skipped=312
  KEEP: APRICOR TECHNOLOGIES PRIVATE LIMITED -> http://www.apricortechnologies.com
  KEEP: QEEL SUPPORT LLP -> https://aqeel-home-service.grexa.site
page 55: seen=504 kept=113 skipped=319
  KEEP: COMPLINOVA ASSOCIATES PRIVATE LIMITED -> https://www.complinova.com
  KEEP: TCP WAVE PRIVATE LIMITED -> http://www.tcpwave.com
  KEEP: Opencube Technologies Pvt Ltd -> https://www.theopencube.com
page 56: seen=513 kept=116 skipped=325
  KEEP: SMARTIFY SOFTWARE SOLUTIONS LLP -> https://smartifysol.com
  KEEP: RATIONAL KNOWLEDGE SERVICES PRIVATE LIMITED -> https://rationalknowledgeservices.com
  KEEP: meraki solutions -> https://merakiorganisation.com
page 57: seen=522 kept=119 skipped=331
  KEEP: eMoboMo Soft Pvt Ltd -> http://www.emobomo.com
  KEEP: Sarja Technologies Private Limited -> https://sarjatechnologies.com
  KEEP: K2B Online Pvt Ltd -> http://www.k2bonline.com
page 58: seen=531 kept=122 skipped=337
  KEEP: CLOUD FIRST COMPUTING PRIVATE LIMITED -> https://www.cloudfirstgroup.com
  KEEP: SNOWGEEK SOLUTIONS LLP -> https://www.snowgeeksolutions.com
  KEEP: STA SOLUTIONS PRIVATE LIMITED -> https://www.socialtalentagency.com
  KEEP: Abhilash -> https://laparoscopyandlaserclinics.com
page 59: seen=540 kept=126 skipped=342

Done. processed 540, kept 126, total now 280
