page 0: seen=9 kept=0 skipped=5
page 1: seen=18 kept=0 skipped=10
page 2: seen=27 kept=0 skipped=17
page 3: seen=36 kept=0 skipped=22
page 4: seen=45 kept=0 skipped=30
page 5: seen=54 kept=0 skipped=35
page 6: seen=63 kept=0 skipped=42
page 7: seen=72 kept=0 skipped=50
page 8: seen=81 kept=0 skipped=57
page 9: seen=90 kept=0 skipped=63
page 10: seen=99 kept=0 skipped=66
page 11: seen=108 kept=0 skipped=72
page 12: seen=117 kept=0 skipped=78
page 13: seen=126 kept=0 skipped=87
page 14: seen=135 kept=0 skipped=93
page 15: seen=144 kept=0 skipped=99
page 16: seen=153 kept=0 skipped=106
page 17: seen=162 kept=0 skipped=112
page 18: seen=171 kept=0 skipped=116
page 19: seen=180 kept=0 skipped=123
page 20: seen=189 kept=0 skipped=129
page 21: seen=198 kept=0 skipped=135
page 22: seen=207 kept=0 skipped=140
page 23: seen=216 kept=0 skipped=148
page 24: seen=225 kept=0 skipped=155
page 25: seen=234 kept=0 skipped=159
page 26: seen=243 kept=0 skipped=162
page 27: seen=252 kept=0 skipped=167
page 28: seen=261 kept=0 skipped=173
page 29: seen=270 kept=0 skipped=180
page 30: seen=279 kept=0 skipped=185
page 31: seen=288 kept=0 skipped=191
page 32: seen=297 kept=0 skipped=197
page 33: seen=306 kept=0 skipped=202
page 34: seen=315 kept=0 skipped=207
page 35: seen=324 kept=0 skipped=211
page 36: seen=333 kept=0 skipped=216
page 37: seen=342 kept=0 skipped=220
page 38: seen=351 kept=0 skipped=227
page 39: seen=360 kept=0 skipped=235
page 40: seen=369 kept=0 skipped=241
page 41: seen=378 kept=0 skipped=245
page 42: seen=387 kept=0 skipped=249
page 43: seen=396 kept=0 skipped=255
page 44: seen=405 kept=0 skipped=260
page 45: seen=414 kept=0 skipped=265
page 46: seen=423 kept=0 skipped=273
page 47: seen=432 kept=0 skipped=278
page 48: seen=441 kept=0 skipped=280
page 49: seen=450 kept=0 skipped=287
page 50: seen=459 kept=0 skipped=291
page 51: seen=468 kept=0 skipped=296
page 52: seen=477 kept=0 skipped=301
page 53: seen=486 kept=0 skipped=305
page 54: seen=495 kept=0 skipped=312
page 55: seen=504 kept=0 skipped=319
page 56: seen=513 kept=0 skipped=325
page 57: seen=522 kept=0 skipped=331
page 58: seen=531 kept=0 skipped=337
page 59: seen=540 kept=0 skipped=342
  KEEP: KAUTECH SERVICES PRIVATE LIMITED -> https://www.kautech.in
  KEEP: DOMIMART -> https://www.domimart.com
page 60: seen=549 kept=2 skipped=349
  KEEP: INFINITY IDENTITY TECHNOLOGIES PRIVATE LIMITED -> https://i-q.co
  KEEP: Qmics Solutions Pvt. Ltd. -> https://qmicssolutions.com
  KEEP: A7 Technologies -> https://blue7tech.com
page 61: seen=558 kept=5 skipped=355
  KEEP: UpRising Technologies -> http://www.uprisingtech.info
  KEEP: DIGITALRAIZ CREATIVE SOLUTIONS PRIVATE LIMITED -> https://www.digitalraiz.co.in
page 62: seen=567 kept=7 skipped=362
  KEEP: ARCR TECHNOLOGIES PRIVATE LIMITED -> https://arcrtech.com
page 63: seen=576 kept=8 skipped=370
  KEEP: SPOORTHY CONSULTANCY AND IT SOLUTIONS PVT LTD -> http://www.scits.co.in
  KEEP: Notuno Infotech Private Limited -> http://www.notunoinfotech.com
page 64: seen=585 kept=10 skipped=377
  KEEP: RELIGENT SYSTEMS PRIVATE LIMITED -> https://religentsystems.com
  KEEP: AKSHAYA CONCEPTS -> https://akshayainfra.com
  KEEP: MAHAVEER SOFT SOLUTIONS PRIVATE LIMITED -> http://mahaveersoftsolutions.in
page 65: seen=594 kept=13 skipped=383
  KEEP: JCG INFORMATION TECHNOLOGY SOLUTIONS -> https://jcgitsolutions.com
  KEEP: OPTIMWORKS TECHNOLOGIES PRIVATE LIMITED -> http://www.optimworks.com
  KEEP: MED EXPRESS PRIVATE LIMITED -> http://medexpress.co.in
  KEEP: IDEYALABS TECH PRIVATE LIMITED -> https://ideyalabs.com
  KEEP: Rivach LLP -> https://rivach.com
  KEEP: Anwi Systems Private Limited -> http://anwisystems.com
page 66: seen=603 kept=19 skipped=386
  KEEP: Mkay Labs Private Limited -> https://www.mkaylabs.com
  KEEP: CogniX -> https://www.cognixsoft.com
  KEEP: ZETTAMINE LABS PRIVATE LIMITED -> https://www.zettamine.com
page 67: seen=612 kept=22 skipped=392
  KEEP: DOITUP INNOVATIVE TECHNOLOGIES PRIVATE LIMITED -> http://doitup.global
  KEEP: PARSUPP IT SERVICES PRIVATE LIMITED -> http://parsupp.com
page 68: seen=621 kept=24 skipped=399
page 69: seen=630 kept=24 skipped=408
  KEEP: Betalectic IT Projects Pvt Ltd -> https://betalectic.com
  KEEP: DIGITAL BEVY PRIVATE LIMITED -> https://www.digitalbevy.com
  KEEP: TAB Solutions -> http://tabitsolutions.com
  KEEP: Feast -> https://www.marriott.com
page 70: seen=639 kept=28 skipped=413
  KEEP: SHARKTEZ PRIVATE LIMITED -> https://sharktez.com
  KEEP: Mechispike Solutions Private Limited -> https://www.mechispike.com
  KEEP: Infinity Square Digital Marketing Services -> https://infinitysquaredigitalmarketing.com
page 71: seen=648 kept=31 skipped=419
  KEEP: Krash Consulting Private Limited -> https://krashconsulting.com
  KEEP: MAK ARENA SOLUTIONS PRIVATE LIMITED -> http://www.makarenagroup.com
  KEEP: TUCSON TECHNOLOGY (INDIA) PRIVATE LIMITED -> https://www.tucsontechnology.com
  KEEP: Itvista Software Private Limited -> https://itvistas.com
page 72: seen=657 kept=35 skipped=424
page 73: seen=666 kept=35 skipped=433
page 74: seen=675 kept=35 skipped=442
  KEEP: Golive Communications Private Limited -> http://golive.games
  KEEP: MSNWTECH Private Limited -> http://msnwtech.com
page 75: seen=684 kept=37 skipped=449
  KEEP: Agri Marg Private Limited -> https://agrighar.com
  KEEP: Capnxt Global Private Limited -> https://www.capnxt.com
  KEEP: Devopod Private Limited -> https://devopod.co.in
  KEEP: JollyBuoy Technology Services private limited -> http://jollybuoy.com
page 76: seen=693 kept=41 skipped=454
  KEEP: chatbot -> http://smatbot.com
  KEEP: Sioniq Tech Private Limited -> http://www.sioniqerp.com
  KEEP: HOSTING SERVER SOLUTIONS -> https://hostingserversolutions.com
  KEEP: NYDIA TECH PRIVATE LIMITED -> https://nydia.tech
page 77: seen=702 kept=45 skipped=459
  KEEP: SRS SOLUTIONS -> http://srsconsultinginc.com
  KEEP: Carriazetech Deliver Private Limited -> https://carriazetech.com
  KEEP: Qualinsys Technologies Private Limited -> http://qualinsys.com
  KEEP: BHARATH TECHNOLOGIES -> https://www.bharathcladforge.com
page 78: seen=711 kept=49 skipped=464
  KEEP: AXP Technologies Private Limited -> https://ahex.co
  KEEP: Usedstore -> https://usedstore.in
  KEEP: DATADAPT IT SERVICES LLP -> http://datadapt.in
  KEEP: INCRA SOFT PRIVATE LIMITED -> https://www.incrasoft.com
page 79: seen=720 kept=53 skipped=469
  KEEP: ARCHANA INFO SOLUTIONS PRIVATE LIMITED -> http://www.archanainfosolutions.com
  KEEP: CTRLALTFIX SOLUTIONS PRIVATE LIMITED -> https://www.ctrlaltfix.co
  KEEP: Figgia Private Limited -> http://figgia.com
  KEEP: MONAMIT TECHNOLOGY SOLUTIONS PVT LTD -> http://monamit.in
  KEEP: Puja Karomi -> https://pujakaromi.com
  KEEP: Altiquence Communications Private Limited -> https://www.altiquence.com
page 80: seen=729 kept=59 skipped=472
  KEEP: DO LITTLE TECHNOLOGIES PRIVATE LIMITED -> http://dolittletech.com
  KEEP: Cyberekta Security Solutions Private Limited -> https://www.cyberekta.com
  KEEP: Laraid Software Solutions (Opc) Private Limited -> https://www.laraidsolutions.in
  KEEP: Ssdt Technologies Llp -> https://www.ssdttech.com
page 81: seen=738 kept=63 skipped=477
  KEEP: Novelski It Solutions Private Limited -> https://novelski.com
  KEEP: COGNEFI INFO SOLUTIONS PRIVATE LIMITED -> https://www.cognefi.co
page 82: seen=747 kept=65 skipped=484
  KEEP: Vilindha Technologies Private Limited -> http://www.vilindha.com
page 83: seen=756 kept=66 skipped=492
  KEEP: Anturus Private Limited -> http://www.anturus.in
  KEEP: SOURATRON IT SOLUTIONS PVT LTD -> http://souratron.com
page 84: seen=765 kept=68 skipped=499
  KEEP: SPY D TECHNOLOGY PRIVATE LIMITED -> https://www.spydtech.com
  KEEP: Monopoly IT Solutions Pvt Ltd -> https://monopolyit.com
  KEEP: PRECISLY IT MANAGEMENT SERVICES PRIVATE LIMITED -> https://precisly.in
  KEEP: HOPNET COMMUNICATIONS LLP -> http://hopnet.co.in
  KEEP: ESK TECHNOLOGIES PRIVATE LIMITED -> http://www.esktec.com
  KEEP: IVAR ANALYTICS PRIVATE LIMITED -> https://www.ivarinfosystems.com
page 85: seen=774 kept=74 skipped=502
  KEEP: HAMDAN LABS SYSTEMS PRIVATE LIMITED -> http://hamdanlabs.com
  KEEP: PROVATE TECHNOLOGIES PRIVATE LIMITED -> https://provate.net
  KEEP: Clinovo India LLP -> https://clinovo.com
  KEEP: APPORG TECHNOLOGY SOLUTIONS AND SERVICES LLP -> https://www.apporg.company
page 86: seen=783 kept=78 skipped=507
  KEEP: SHANROHI TECHNOLOGIES PRIVATE LIMITED -> https://www.rampglobal.com
  KEEP: ICONWAVE CLOUD SERVICES PRIVATE LIMITED -> https://www.iconwavetech.com
  KEEP: CultNerds IT Solutions Pvt Ltd -> https://cultnerds.io
  KEEP: QR CABS -> https://hyderabadoutstationcabs.in
  KEEP: TALENT21 CONSULTING PRIVATE LIMITED -> https://talent21.in
page 87: seen=792 kept=83 skipped=511
  KEEP: TECHZERT SOFTWARE PRIVATE LIMITED -> https://www.techzert.com
  KEEP: B I E T LEARNING SYSTEMS PRIVATE LIMITED -> https://bietls.com
  KEEP: CLOUDALIV CONSULTING SERVICES PRIVATE LIMITED -> https://cloudaliv.com
  KEEP: Novulis Global Solutions Private Limited -> https://www.novulis.com
page 88: seen=801 kept=87 skipped=516
  KEEP: JAPP TECH PRIVATE LIMITED -> http://japptech.com
  KEEP: MOBEDO CONSULTING PRIVATE LIMITED -> https://www.mobedoconsulting.com
  KEEP: SOURATRON IT SOLUTIONS PRIVATE LIMITED -> http://souratron.com
page 89: seen=810 kept=90 skipped=522
  KEEP: STHIRAM SERVICES LLP -> http://sthiramservices.com
  KEEP: RAMKI TECHNOLOGIES PRIVATE LIMITED -> http://www.ramkitechnologies.com
  KEEP: ARRANGER TECHNOLOGIES PRIVATE LIMITED -> https://geekondemand.in
page 90: seen=819 kept=93 skipped=528
  KEEP: WELKIN DIGITAL PRIVATE LIMITED -> http://www.welkinglobal.co
  KEEP: Websonics Technology Solutions  -> http://www.websonics.co.in
  KEEP: ACINTYO TECH INNOVATIONS PRIVATE LIMITED  -> https://acintyotech.ai
  KEEP: REALTECHPAGE PRIVATE LIMITED -> http://realtechpage.com
  KEEP: AMEYA INTELLIGENT MACHINE LABS LLP -> https://www.ameyalabs.com
page 91: seen=828 kept=98 skipped=532
  KEEP: NANDURI TECHNOLOGY LLP -> http://nanduriengineering.in
  KEEP: RESOFTWA TECHNOLOGIES & SOLUTIONS PRIVATE LIMITED -> http://resoftwa.com
  KEEP: DESIGNTECH SEMICONDUCTORS PRIVATE LIMITED -> http://www.designtechsys.com
page 92: seen=837 kept=101 skipped=537
  KEEP: VigorousPro IT Solutions -> https://www.vigorousit.com
  KEEP: TeamMinds Software Private Limited -> http://www.teamminds.in
  KEEP: JEETH BALAJI TECH PRIVATE LIMITED -> http://jeeth.co.in
page 93: seen=846 kept=104 skipped=543
  KEEP: SACHDESK TECHNOLOGY SERVICES PRIVATE LIMITED -> http://sachdesk.com
  KEEP: Meta Technology -> http://www.metatechservices.in
  KEEP: Pradiota IT Solutions Pvt Ltd -> http://pradiota.com
  KEEP: Om Sai Solutions -> https://omsaisolutions.in
  KEEP: TECHVERSYS IT SERVICES PRIVATE LIMITED -> https://techversysit.com
  KEEP: KVK TECHNOID PRIVATE LIMITED -> http://kvktechnoid.com
  KEEP: Finesse Customized Solutions -> http://finesse-cs.tech
page 94: seen=855 kept=111 skipped=544
  KEEP: Qpact Solutions -> https://qpactsolutions.com
page 95: seen=864 kept=112 skipped=552
  KEEP: ARTECH UNLIMITED PRIVATE LIMITED -> http://www.artechinfo.in
page 96: seen=873 kept=113 skipped=560
  KEEP: Digital Associates India Private Limited -> http://dalabs.in
  KEEP: Inspire Tk Private Limited -> http://inspireacademyhyd.in
page 97: seen=882 kept=115 skipped=567
  KEEP: Vaics Consulting Private Limited -> http://www.vaics-consulting.com
  KEEP: Tilli Software India Private Limited -> https://tilli.pro
page 98: seen=891 kept=117 skipped=574
  KEEP: NEXTBEWE CONSULTING SERVICES PRIVATE LIMITED -> http://www.nextbewe.com
  KEEP: Henotic It Solutions Private Limited -> http://henotictech.com
page 99: seen=900 kept=119 skipped=581
  KEEP: Get Website Services -> https://getwebsite.in
page 100: seen=909 kept=120 skipped=589
  KEEP: ENJOYFRESH SOFTWARE SOLUTIONS PRIVATE LIMITED -> https://enjoyfresh.com
  KEEP: Hydizo Global Solutions Private Limited -> https://hydizo.com
page 101: seen=918 kept=122 skipped=596
  KEEP: Marven Data Systems -> http://mdsinc.in
  KEEP: POSTILION MOBILITY TECHNOLOGIES PRIVATE LIMITED -> http://ok2go.app
  KEEP: APPNETWISE PRIVATE LIMITED -> http://appnetwise.com
  KEEP: P2 MANSOFT PRIVATE LIMITED -> http://www.p2sign.com
  KEEP: Jeena -> http://www.jeena.com
page 102: seen=927 kept=127 skipped=600
page 103: seen=936 kept=127 skipped=609
  KEEP: SAAWM SOLUTION (OPC) PRIVATE LIMITED -> https://www.saawm.com
  KEEP: RUBIA SERVICES (OPC) PRIVATE LIMITED -> https://rubia.services
  KEEP: ASL Information Services Private Limited -> https://aslinformationservices.com
  KEEP: HMC Solutions -> https://www.hcssolutions.in
  KEEP: DIGITAL MAPOUT SOLUTIONS INDIA PRIVATE LIMITED -> http://www.mapouteng.com
  KEEP: In Focus Software Solutions -> https://www.focussoftnet.com
page 104: seen=945 kept=133 skipped=612
  KEEP: TenAI -> https://tenedutech.com
  KEEP: SWANA TECHNO IT CONSULTING SERVICES PRIVATE LIMITED -> http://swanatechno.in
  KEEP: SYNTRINO PRIVATE LIMITED -> http://syntrino.net
  KEEP: GTK Software Solutions LLP -> https://gtksoft.in
  KEEP: UNIQON CONSULTING PRIVATE LIMITED -> http://uniqon.co.uk
page 105: seen=954 kept=138 skipped=616
  KEEP: Dbook Event Management -> https://dbook.in
  KEEP: Diligencify -> https://www.diligencify.com
page 106: seen=963 kept=140 skipped=623
  KEEP: SAYUKTH TECHNOLOGIES PRIVATE LIMITED -> https://sayukth.com
  KEEP: SNR Innovations -> http://www.srnonwovenbags.com
  KEEP: Skillcentre Technologies Private Limited -> https://www.skill-centre.com
  KEEP: CRESOL INFOSERV PRIVATE LIMITED -> https://www.cresolinfoserv.com
page 107: seen=972 kept=144 skipped=628
  KEEP: VIBA PURSUITS PRIVATE LIMITED -> https://www.vibasolutions.in
  KEEP: Talent Waves Solutions Pvt Ltd -> https://talentwaves.com
  KEEP: MAINSTREAMTEK PRIVATE LIMITED -> https://mainstreamtek.com
  KEEP: Vikazana private limited -> http://vikazana.com
  KEEP: ISAPI INFOTECH PRIVATE LIMITED -> http://www.isapiinfotech.com
page 108: seen=981 kept=149 skipped=632
  KEEP: BEAN BAG LABS PRIVATE LIMITED -> https://www.beanskart.com
  KEEP: ADVAITHA INFORMATION TECHNOLOGY SERVICES PRIVATE LIMITED -> https://advithatechs.com
  KEEP: BRILLIANT BUSINESS SERVICES PRIVATE LIMITED -> http://brilliantfilings.in
  KEEP: Wielabs Tech Products and Services -> https://wielabs.com
  KEEP: Lutetium International Marketing Pvt Ltd -> http://thelutetium.com
page 109: seen=990 kept=154 skipped=636
  KEEP: kanerika software private limited -> https://kanerika.com
  KEEP: LAKSHMITECH SOLUTIONS PRIVATE LIMITED -> https://www.ltechs.co.in
  KEEP: Nayana Group -> https://nayanagroup.com
  KEEP: INDRIZE TECHNOLOGIES PRIVATE LIMITED -> https://www.indrize.com
  KEEP: Ponaganti Tech Solutions -> https://ponagantitech.com
  KEEP: M3Y MOBILE SOLUTIONS PRIVATE LIMITED -> https://mapmymobile.com
  KEEP: AMREDHYA TECHNOLOGY SERVICES LLP -> https://www.amredhya.com
  KEEP: AFFI DIGITAL TECHNOLOGIES PRIVATE LIMITED -> http://affidigitaltech.com
page 110: seen=999 kept=162 skipped=637
  KEEP: VNB TECHNOLOGIES PRIVATE LIMITED -> http://vnbtech.com
  KEEP: DIGITAL EDZE BUSINESS SOLUTIONS LLP -> https://digitaledze.com
page 111: seen=1008 kept=164 skipped=644
  KEEP: OLIVE IDEAS LAB PRIVATE LIMITED -> http://oliveideaslab.com
  KEEP: PEDESIS PRIVATE LIMITED -> http://pedesis.in
  KEEP: XLR KONNECT PRIVATE LIMITED -> https://konnectnxt.com
  KEEP: FACTSERVICES PRIVATE LIMITED -> https://www.factservices.in
  KEEP: BRIGHT DATA SOLUTIONS PRIVATE LIMITED -> http://www.brightdatasolutions.co.in
page 112: seen=1017 kept=169 skipped=648
  KEEP: TSAROLABS PRIVATE LIMITED -> https://tsarolabs.com
  KEEP: VKOLLAB TECHNOLOGIES PRIVATE LIMITED -> http://vkollab.com
  KEEP: INCREEKS PRIVATE LIMITED -> https://increeks.com
  KEEP: POTAMI SOFTWARE LLP -> http://potamisoftware.com
page 113: seen=1026 kept=173 skipped=653
  KEEP: Infospoke Technologies -> http://www.infospoke.in
  KEEP: MSD PUBLICATIONS INDIA PRIVATE LIMITED -> https://msdpublications.com
  KEEP: kNOCk -> https://www.knockdoors.in
  KEEP: Notion51 Digital Technologies pvt ltd -> https://www.notion51.com
  KEEP: Data Infinity Intelligence Private Limited -> https://datamites.com
  KEEP: Mempage Technologies Private Limited -> http://www.mempagetech.com
page 114: seen=1035 kept=179 skipped=656
  KEEP: INFOCHORD TECHNOLOGIES PRIVATE LIMITED -> https://infochord.com
  KEEP: GKNYAK IT PRIVATE LIMITED -> http://www.gknyak.com
  KEEP: TVISHA COMMUNICATIONS PRIVATE LIMITED -> https://www.tvisha.com
  KEEP: SANDV CAPITALS PRIVATE LIMITED -> http://www.sandvcapitals.com
  KEEP: PropYaar -> https://propyaar.com
  KEEP: SMART PHARMA SOFT SOLUTIONS PRIVATE LIMITED -> http://smartpharmasolutions.com
  KEEP: DIGITAL CLOUD CONSULTING SERVICES PRIVATE LIMITED -> https://digitalcloudinc.com
page 115: seen=1044 kept=186 skipped=658
  KEEP: ARUDRA CONSULTING PRIVATE LIMITED -> https://arudrainfra.com
  KEEP: FNCYBER SECURITY CONSULTING SERVICES PRIVATE LIMITED -> https://fncyber.com
page 116: seen=1053 kept=188 skipped=665
  KEEP: JVR Consulting -> https://www.jvrconsulting.co.in
  KEEP: UNOTEAM SOFTWARE PRIVATE LIMITED -> http://www.unoteams.com
  KEEP: Souratron IT Solutions -> http://souratron.com
  KEEP: CAMBAY CONSULTING INDIA PRIVATE LIMITED -> https://cambayengineering.com
  KEEP: BITBOTS TECHNOLOGIES PRIVATE LIMITED -> https://bit-bots.com
  KEEP: Accenflair IT Solutions Private Limited -> https://www.accenfair.com
  KEEP: KINICH IT LABS PRIVATE LIMITED -> https://kinichitlabs.com
page 117: seen=1062 kept=195 skipped=667
  KEEP: PR Tech Consultancy -> http://predutech.com
  KEEP: VIBA TECH SOLUTIONS PRIVATE LIMITED -> https://www.vibasolutions.in
  KEEP: Verch Consulting LLP -> http://verchconsulting.com
  KEEP: Techineur Solutions Private Limited -> https://techineur.com
  KEEP: PROXYM CONNECT PRIVATE LIMITED -> https://proxymconnect.com
  KEEP: R3H TECHNOLOGY SERVICES -> http://r3htechnologies.com
  KEEP: WINZARD SOLUTIONS PRIVATE LIMITED -> https://www.winzard.io
page 118: seen=1071 kept=202 skipped=669
  KEEP: TECHSTAR IT SERVICES PRIVATE LIMITED -> http://www.techstargroup.com
  KEEP: FEBA TECHNOLOGIES PRIVATE LIMITED -> https://www.febatech.com
  KEEP: Richer -> http://richerlands.in
  KEEP: Core IT Systems and Services -> https://coreservicesandautomation.in
page 119: seen=1080 kept=206 skipped=674
  KEEP: MAYIL TECHNOLOGIES PRIVATE LIMITED -> http://mayiltech.co
  KEEP: Technosys International -> http://www.technosysinternational.com
page 120: seen=1089 kept=208 skipped=681
  KEEP: Nana IT Solutions Private Limited -> http://www.nanait.in
  KEEP: DHANUSH SOFTECH PRIVATE LIMITED -> http://www.dhanushinfotech.com
  KEEP: CITIUS SOLUTIONS PRIVATE LIMITED -> https://www.citiuskbe.com
  KEEP: DATA SIMPLE TECHNOLOGIES PRIVATE LIMITED -> http://www.datahill.in
page 121: seen=1098 kept=212 skipped=686
  KEEP: SPEARSOFT TECHNO SOLUTIONS PRIVATE LIMITED -> https://spearsoftech.com
  KEEP: RADHAKRISHNA IT SOLUTIONS PRIVATE LIMITED -> http://radhakrishnaitsolutions.com
  KEEP: QAZTECH SOFTWARE PRIVATE LIMITED -> http://qaztechs.com
  KEEP: EMPHORA SOFT PRIVATE LIMITED -> https://emphorasoft.com
page 122: seen=1107 kept=216 skipped=691
  KEEP: Smart Search Solutions -> http://www.smartsearchsolutions.in
  KEEP: AppDeviser -> http://appdeviser.com
  KEEP: GHSL TECHNOLOGIES PRIVATE LIMITED -> https://www.ghsltechnologies.com
  KEEP: WIELABS TECH PRODUCTS AND SERVICES PRIVATE LIMITED -> https://wielabs.com
page 123: seen=1116 kept=220 skipped=696
  KEEP: SEERA SOFT SOLUTIONS PRIVATE LIMITED -> https://www.seerasoft.com
  KEEP: S&M Scholarly Solutions  -> http://smscholarly.com
  KEEP: KASU CONSULTING SERVICES INDIA PRIVATE LIMITED -> http://www.kcsit.in
  KEEP: Sria Infotech -> https://sriainfotech.com
  KEEP: PAKKUN TECHNOLOGIES PRIVATE LIMITED -> http://pakkun.co.in
page 124: seen=1125 kept=225 skipped=700
  KEEP: ELORCE TECHNOLOGIES PRIVATE LIMITED -> http://www.elorce.com
  KEEP: HAPPY DARSHAN SERVICES LLP -> http://happydarshan.in
  KEEP: INNOVENT TECHNOLOGIES PRIVATE LIMITED -> https://www.innoventengineers.com
page 125: seen=1134 kept=228 skipped=706
  KEEP: Sintech Solutions Private Limited -> https://www.sintechsolutions.com
page 126: seen=1143 kept=229 skipped=714
  KEEP: Kushal Technologies -> https://kushaltechnologies.com
  KEEP: DAXV TECHNOLOGIES PRIVATE LIMITED -> https://daxvtech.com
  KEEP: ISCS Technologies Pvt. Ltd -> http://www.iscstech.com
  KEEP: Adhaata Computing Systems Pvt Ltd. -> http://www.adhaatacs.com
page 127: seen=1152 kept=233 skipped=719
  KEEP: DigitoWork -> https://digitowork.com
  KEEP: TRIGITAL TECHNOLOGIES PRIVATE LIMITED -> http://trigital.in
  KEEP: Sytech Labs Private Limited -> https://www.sytechlabs.com
  KEEP: KANVITECH SOLUTIONS PRIVATE LIMITED -> https://kanvitech.com
  KEEP: Eventbay Technologies Private Limited -> https://www.eventbay.in
page 128: seen=1161 kept=238 skipped=723
  KEEP: AOCINC -> http://aocinc.in
  KEEP: DEEP TRACE CYBERNETICS PRIVATE LIMITED -> https://deeptrace.in
  KEEP: Aptiway Technologies Private Limited -> https://aptiway.com
  KEEP: GLAUBEN INDUSTRIES PRIVATE LIMITED -> https://glaubenindustries.com
page 129: seen=1170 kept=242 skipped=728
  KEEP: SahiList -> http://sahilist.in
  KEEP: OAKSPRO SOFTWARE SOLUTIONS -> https://internship.oakspro.com
  KEEP: RUDRASA WEB DEVELOPMENT AND MARKETING PRIVATE LIMITED -> https://www.rudrasa.com
  KEEP: MRT INFO TECHNOLOGIES PRIVATE LIMITED -> http://www.mrtinfotech.com
  KEEP: ENENR INFO PVT LTD -> https://enenrinfo.in
page 130: seen=1179 kept=247 skipped=732
  KEEP: SheJobs -> http://www.she-jobs.com
  KEEP: WEBLABS IT SOLUTIONS  -> https://weblabstech.com
  KEEP: Paytm -> https://paytm.com
  KEEP: Sf Web Solutions Private Limited -> https://www.sfwebsolutions.in
page 131: seen=1188 kept=251 skipped=736
  KEEP: DRIVEIT TECHNOLOGIES PRIVATE LIMITED -> https://driveittech.in
  KEEP: Digital Raiz Creative Solutions -> https://www.digitalraiz.co.in
  KEEP: Aria Apps Digital  -> http://www.ariaapps.com
  KEEP: HELLO AMC - Known for IT Support & More -> https://www.helloamc.com
page 132: seen=1197 kept=255 skipped=741
  KEEP: ARASMO Technologies Private Limited -> https://www.arasmotech.com
  KEEP: Callippus Solutions Private Limited -> https://callippus.co.uk
  KEEP: HBM INFOTECH PVT LTD -> http://hbm-it.com
  KEEP: CLINZTECH -> http://clinztech.com
  KEEP: GUSTASI INFORMATICS PRIVATE LIMITED -> https://marketing.gustasi.com
page 133: seen=1206 kept=260 skipped=744
  KEEP: TRICE SYSTEMS PRIVATE LIMITED -> http://www.tricecommunity.com
  KEEP: INNOWORKS SOFTWARE SOLUTIONS PRIVATE LIMITED -> https://innoworks.tech
page 134: seen=1215 kept=262 skipped=751
  KEEP: CARAMEL IT SERVICES PRIVATE LIMITED -> https://www.caramelit.com
  KEEP: CVR IDREAM TECH PRIVATE LIMITED -> http://www.idreammedia.com
page 135: seen=1224 kept=264 skipped=758
  KEEP: WILDBLUE DIGITAL LLP -> https://wildbluedigital.com
  KEEP: Peppty -> https://www.peppty.com
  KEEP: PAGO ANALYTICS INDIA PRIVATE LIMITED -> http://www.pagoanalytics.com
  KEEP: ELORCE INDUSTRIES PRIVATE LIMITED -> http://www.elorce.com
page 136: seen=1233 kept=268 skipped=763
  KEEP: BWJ Tech Solutions  -> https://bwjts.com
  KEEP: SIERA IT SERVICES PRIVATE LIMITED -> http://www.sierait.com
  KEEP: O7LAB INFOTECH PRIVATE LIMITED -> https://www.o7labinfotech.com
  KEEP: CODEKINDLE SOLUTIONS PRIVATE LIMITED -> http://codekindle.com
page 137: seen=1242 kept=272 skipped=768
  KEEP: GoitDEV Technlogies OPC Pvt ltd -> http://www.goitdev.com
  KEEP: INFINITY SPARK INDIA PRIVATE LIMITED -> https://infinityspark.com
  KEEP: TeamBlue IT Services Pvt Ltd -> http://www.teamblueitservices.com
  KEEP: SMAC IT -> http://www.smacit.co
  KEEP: Avishkar Consulting Services -> http://avishkartechsolutions.com
page 138: seen=1251 kept=277 skipped=772
  KEEP: ZOBAZE TECHNOLOGIES PRIVATE LIMITED -> https://zobaze.com
  KEEP: RJ GLOBAL SOLUTIONS -> https://rjglobalsolutions.com
page 139: seen=1260 kept=279 skipped=779
  KEEP: Doelsoft IT Services Private Limited -> http://www.doelsoft.com
  KEEP: AccessDeeds -> http://www.accessdeeds.com
  KEEP: Thincovate Software Solutions -> http://www.thincovate.com
  KEEP: PSR IT SERVICES PRIVATE LIMITED -> http://www.psrtechhub.com
page 140: seen=1269 kept=283 skipped=784
  KEEP: Meet at your home! -> http://www.meetyourneeds.in
  KEEP: M/s TECHNOCRAT INTEGRATORS -> http://www.technocratint.in
  KEEP: BR Group -> http://brgroups.org
page 141: seen=1278 kept=286 skipped=790
  KEEP: FINTRA SOFTWARE PRIVATE LIMITED -> https://fintrasoftware.com
  KEEP: Entirety Technologies -> http://www.entiretytec.com
  KEEP: Zensark Technologies Private Limited -> http://www.zensark.com
  KEEP: DIYOS INFOTECH PRIVATE LIMITED -> https://www.diyosinfotech.com
page 142: seen=1287 kept=290 skipped=795
  KEEP: Storlane -> https://www.storlane.com
  KEEP: TAGCOR INDIA ONLINE SERVICES PRIVATE LIMITED -> https://tagcor.com
  KEEP: TRUEQUATIONS PRIVATE LIMITED -> https://www.truequations.com
  KEEP: VISHIST BUSINESS SOLUTIONS PRIVATE LIMITED -> https://vishistbusinesssolutions.com
  KEEP: TEKROI PRIVATE LIMITED -> https://tekroi.com
page 143: seen=1296 kept=295 skipped=799
  KEEP: Aurora E Labs Private Limited -> https://www.auroraelabs.com
  KEEP: AIOT TECHNOLOGIES PRIVATE LIMITED -> https://www.aiotcorp.com
  KEEP: Prabodh technologies LLP -> https://www.prabodh.in
  KEEP: Esdy Information System Private Limited -> http://www.esdy.in
page 144: seen=1305 kept=299 skipped=804
  KEEP: innoGen Research -> http://www.innogentech.in
  KEEP: IT DIGITAL HUB -> https://www.digitalithubservices.com
  KEEP: CIPHERTEXT TECHNOLOGIES PRIVATE LIMITED -> http://www.ciphertext.in
  KEEP: GLENN STAR TECHNOLOGIES PRIVATE LIMITED -> http://glennstartech.com
page 145: seen=1314 kept=303 skipped=809
  KEEP: SCUBOID SOFTWARE SOLUTIONS PRIVATE LIMITED -> https://scuboidsoftware.com
  KEEP: Vibhuaya Technologies Private Limited -> https://vibhuayatechnologies.in
  KEEP: WEBSTOK INNOVATIONS PRIVATE LIMITED -> https://www.webstok.in
  KEEP: SHRADDHA GEO TECHNOLOGIES LLP -> http://sgtl.net.in
page 146: seen=1323 kept=307 skipped=814
  KEEP: RWAVE SOFTWARE TECHNOLOGIES PRIVATE LIMITED -> https://rwavesoftech.com
  KEEP: TAKSHA X ONLIN PRIVATE LIMITED -> https://www.onlin.in
  KEEP: fentastech private limited -> https://fentastech.com
page 147: seen=1332 kept=310 skipped=820
  KEEP: Swiftcarry Pvt Ltd -> https://swiftcarry.in
  KEEP: Flizar Infotech -> http://www.flizarinfotech.com
  KEEP: HARMONY PLATFORMS PRIVATE LIMITED -> https://www.harmonygt.com
  KEEP: FANTI CLOUD PRIVATE LIMITED  -> https://www.fanti.in
page 148: seen=1341 kept=314 skipped=825
  KEEP: MANO NIRMAN INNOVATIONS PRIVATE LIMITED -> https://manonirmaninnovations.com
  KEEP: Logiclink Labs -> https://logiclinklabs.com
  KEEP: Zippifyr Technologies -> https://www.zippifyr.com
  KEEP: BLOCKFORTRUST SOLUTIONS PRIVATE LIMITED -> https://blockfortrust.com
page 149: seen=1350 kept=318 skipped=830

Done. processed 1350, kept 318, total now 598
