(node:78038) [MODULE_TYPELESS_PACKAGE_JSON] Warning: Module type of file:///Users/shivat/Documents/place%20finder/hyderabad-startup-map/lib/ats/index.js is not specified and it doesn't parse as CommonJS.
Reparsing as ES module because module syntax was detected. This incurs a performance overhead.
To eliminate this warning, add "type": "module" to /Users/shivat/Documents/place finder/hyderabad-startup-map/package.json.
(Use `node --trace-warnings ...` to show where the warning was created)
Classifying 15 / 1040 needing work (of 1095 startups), concurrency=2
  · Indian Eagle → none
  · Freyr Energy → none
  · UrbanKisaan → none
  · Olectra Greentech → none
  · Banyan Nation → none
  · Quantum Energy → none
  · DiabetOmics → none
  · Apollo Micro Systems → none
  · Pixelvide → none
  · Tenet Diagnostics → none
  … checkpoint 10/15 (hits=0)
  · uBlood → none
  · Kisanwala → none
  · Kraionyx AI → none
  · Nexoraa AI → none
  · WEB ERA TECHNOLOGY PRIVATE LIMITED → none
{
  "done": true,
  "classified": 15,
  "hits": 0,
  "misses": 15,
  "boards": 20
}
